Archive member included to satisfy reference by file (symbol)

C:/ST/STM32CubeIDE_1.16.0/STM32CubeIDE/plugins/com.st.stm32cube.ide.mcu.externaltools.gnu-tools-for-stm32.12.3.rel1.win32_1.0.200.202406191623/tools/bin/../lib/gcc/arm-none-eabi/12.3.1/../../../../arm-none-eabi/lib/thumb/v7e-m+fp/hard\libc_nano.a(libc_a-exit.o)
                              C:/ST/STM32CubeIDE_1.16.0/STM32CubeIDE/plugins/com.st.stm32cube.ide.mcu.externaltools.gnu-tools-for-stm32.12.3.rel1.win32_1.0.200.202406191623/tools/bin/../lib/gcc/arm-none-eabi/12.3.1/../../../../arm-none-eabi/lib/thumb/v7e-m+fp/hard/crt0.o (exit)
C:/ST/STM32CubeIDE_1.16.0/STM32CubeIDE/plugins/com.st.stm32cube.ide.mcu.externaltools.gnu-tools-for-stm32.12.3.rel1.win32_1.0.200.202406191623/tools/bin/../lib/gcc/arm-none-eabi/12.3.1/../../../../arm-none-eabi/lib/thumb/v7e-m+fp/hard\libc_nano.a(libc_a-malloc.o)
                              ./libs/GUI_Paint.o (malloc)
C:/ST/STM32CubeIDE_1.16.0/STM32CubeIDE/plugins/com.st.stm32cube.ide.mcu.externaltools.gnu-tools-for-stm32.12.3.rel1.win32_1.0.200.202406191623/tools/bin/../lib/gcc/arm-none-eabi/12.3.1/../../../../arm-none-eabi/lib/thumb/v7e-m+fp/hard\libc_nano.a(libc_a-mallocr.o)
                              C:/ST/STM32CubeIDE_1.16.0/STM32CubeIDE/plugins/com.st.stm32cube.ide.mcu.externaltools.gnu-tools-for-stm32.12.3.rel1.win32_1.0.200.202406191623/tools/bin/../lib/gcc/arm-none-eabi/12.3.1/../../../../arm-none-eabi/lib/thumb/v7e-m+fp/hard\libc_nano.a(libc_a-malloc.o) (_malloc_r)
C:/ST/STM32CubeIDE_1.16.0/STM32CubeIDE/plugins/com.st.stm32cube.ide.mcu.externaltools.gnu-tools-for-stm32.12.3.rel1.win32_1.0.200.202406191623/tools/bin/../lib/gcc/arm-none-eabi/12.3.1/../../../../arm-none-eabi/lib/thumb/v7e-m+fp/hard\libc_nano.a(libc_a-mlock.o)
                              C:/ST/STM32CubeIDE_1.16.0/STM32CubeIDE/plugins/com.st.stm32cube.ide.mcu.externaltools.gnu-tools-for-stm32.12.3.rel1.win32_1.0.200.202406191623/tools/bin/../lib/gcc/arm-none-eabi/12.3.1/../../../../arm-none-eabi/lib/thumb/v7e-m+fp/hard\libc_nano.a(libc_a-mallocr.o) (__malloc_lock)
C:/ST/STM32CubeIDE_1.16.0/STM32CubeIDE/plugins/com.st.stm32cube.ide.mcu.externaltools.gnu-tools-for-stm32.12.3.rel1.win32_1.0.200.202406191623/tools/bin/../lib/gcc/arm-none-eabi/12.3.1/../../../../arm-none-eabi/lib/thumb/v7e-m+fp/hard\libc_nano.a(libc_a-findfp.o)
                              C:/ST/STM32CubeIDE_1.16.0/STM32CubeIDE/plugins/com.st.stm32cube.ide.mcu.externaltools.gnu-tools-for-stm32.12.3.rel1.win32_1.0.200.202406191623/tools/bin/../lib/gcc/arm-none-eabi/12.3.1/../../../../arm-none-eabi/lib/thumb/v7e-m+fp/hard\libc_nano.a(libc_a-exit.o) (__stdio_exit_handler)
C:/ST/STM32CubeIDE_1.16.0/STM32CubeIDE/plugins/com.st.stm32cube.ide.mcu.externaltools.gnu-tools-for-stm32.12.3.rel1.win32_1.0.200.202406191623/tools/bin/../lib/gcc/arm-none-eabi/12.3.1/../../../../arm-none-eabi/lib/thumb/v7e-m+fp/hard\libc_nano.a(libc_a-fwalk.o)
                              C:/ST/STM32CubeIDE_1.16.0/STM32CubeIDE/plugins/com.st.stm32cube.ide.mcu.externaltools.gnu-tools-for-stm32.12.3.rel1.win32_1.0.200.202406191623/tools/bin/../lib/gcc/arm-none-eabi/12.3.1/../../../../arm-none-eabi/lib/thumb/v7e-m+fp/hard\libc_nano.a(libc_a-findfp.o) (_fwalk_sglue)
C:/ST/STM32CubeIDE_1.16.0/STM32CubeIDE/plugins/com.st.stm32cube.ide.mcu.externaltools.gnu-tools-for-stm32.12.3.rel1.win32_1.0.200.202406191623/tools/bin/../lib/gcc/arm-none-eabi/12.3.1/../../../../arm-none-eabi/lib/thumb/v7e-m+fp/hard\libc_nano.a(libc_a-printf.o)
                              ./libs/GUI_Paint.o (printf)
C:/ST/STM32CubeIDE_1.16.0/STM32CubeIDE/plugins/com.st.stm32cube.ide.mcu.externaltools.gnu-tools-for-stm32.12.3.rel1.win32_1.0.200.202406191623/tools/bin/../lib/gcc/arm-none-eabi/12.3.1/../../../../arm-none-eabi/lib/thumb/v7e-m+fp/hard\libc_nano.a(libc_a-puts.o)
                              ./libs/GUI_Paint.o (puts)
C:/ST/STM32CubeIDE_1.16.0/STM32CubeIDE/plugins/com.st.stm32cube.ide.mcu.externaltools.gnu-tools-for-stm32.12.3.rel1.win32_1.0.200.202406191623/tools/bin/../lib/gcc/arm-none-eabi/12.3.1/../../../../arm-none-eabi/lib/thumb/v7e-m+fp/hard\libc_nano.a(libc_a-sprintf.o)
                              ./Core/Src/main.o (sprintf)
C:/ST/STM32CubeIDE_1.16.0/STM32CubeIDE/plugins/com.st.stm32cube.ide.mcu.externaltools.gnu-tools-for-stm32.12.3.rel1.win32_1.0.200.202406191623/tools/bin/../lib/gcc/arm-none-eabi/12.3.1/../../../../arm-none-eabi/lib/thumb/v7e-m+fp/hard\libc_nano.a(libc_a-stdio.o)
                              C:/ST/STM32CubeIDE_1.16.0/STM32CubeIDE/plugins/com.st.stm32cube.ide.mcu.externaltools.gnu-tools-for-stm32.12.3.rel1.win32_1.0.200.202406191623/tools/bin/../lib/gcc/arm-none-eabi/12.3.1/../../../../arm-none-eabi/lib/thumb/v7e-m+fp/hard\libc_nano.a(libc_a-findfp.o) (__sread)
[...]
Memory Configuration

Name             Origin             Length             Attributes
RAM              0x20000000         0x0001c000         xrw
FLASH            0x08000000         0x0007c000         xr
*default*        0x00000000         0xffffffff

Linker script and memory map

LOAD C:/ST/STM32CubeIDE_1.16.0/STM32CubeIDE/plugins/com.st.stm32cube.ide.mcu.externaltools.gnu-tools-for-stm32.12.3.rel1.win32_1.0.200.202406191623/tools/bin/../lib/gcc/arm-none-eabi/12.3.1/thumb/v7e-m+fp/hard/crti.o
LOAD C:/ST/STM32CubeIDE_1.16.0/STM32CubeIDE/plugins/com.st.stm32cube.ide.mcu.externaltools.gnu-tools-for-stm32.12.3.rel1.win32_1.0.200.202406191623/tools/bin/../lib/gcc/arm-none-eabi/12.3.1/thumb/v7e-m+fp/hard/crtbegin.o
LOAD C:/ST/STM32CubeIDE_1.16.0/STM32CubeIDE/plugins/com.st.stm32cube.ide.mcu.externaltools.gnu-tools-for-stm32.12.3.rel1.win32_1.0.200.202406191623/tools/bin/../lib/gcc/arm-none-eabi/12.3.1/../../../../arm-none-eabi/lib/thumb/v7e-m+fp/hard/crt0.o
LOAD ./Core/Src/gpio.o
LOAD ./Core/Src/main.o
LOAD ./Core/Src/spi.o
LOAD ./Core/Src/stm32g4xx_hal_msp.o
LOAD ./Core/Src/stm32g4xx_it.o
LOAD ./Core/Src/syscalls.o
LOAD ./Core/Src/sysmem.o
LOAD ./Core/Src/system_stm32g4xx.o
LOAD ./Core/Src/tim.o
LOAD ./Core/Startup/startup_stm32g491retx.o
LOAD ./Drivers/STM32G4xx_HAL_Driver/Src/stm32g4xx_hal.o
LOAD ./Drivers/STM32G4xx_HAL_Driver/Src/stm32g4xx_hal_cortex.o
LOAD ./Drivers/STM32G4xx_HAL_Driver/Src/stm32g4xx_hal_dma.o
LOAD ./Drivers/STM32G4xx_HAL_Driver/Src/stm32g4xx_hal_dma_ex.o
LOAD ./Drivers/STM32G4xx_HAL_Driver/Src/stm32g4xx_hal_exti.o
LOAD ./Drivers/STM32G4xx_HAL_Driver/Src/stm32g4xx_hal_flash.o
LOAD ./Drivers/STM32G4xx_HAL_Driver/Src/stm32g4xx_hal_flash_ex.o
LOAD ./Drivers/STM32G4xx_HAL_Driver/Src/stm32g4xx_hal_flash_ramfunc.o
LOAD ./Drivers/STM32G4xx_HAL_Driver/Src/stm32g4xx_hal_gpio.o
LOAD ./Drivers/STM32G4xx_HAL_Driver/Src/stm32g4xx_hal_pwr.o
LOAD ./Drivers/STM32G4xx_HAL_Driver/Src/stm32g4xx_hal_pwr_ex.o
LOAD ./Drivers/STM32G4xx_HAL_Driver/Src/stm32g4xx_hal_rcc.o
LOAD ./Drivers/STM32G4xx_HAL_Driver/Src/stm32g4xx_hal_rcc_ex.o
LOAD ./Drivers/STM32G4xx_HAL_Driver/Src/stm32g4xx_hal_spi.o
LOAD ./Drivers/STM32G4xx_HAL_Driver/Src/stm32g4xx_hal_spi_ex.o
LOAD ./Drivers/STM32G4xx_HAL_Driver/Src/stm32g4xx_hal_tim.o
LOAD ./Drivers/STM32G4xx_HAL_Driver/Src/stm32g4xx_hal_tim_ex.o
LOAD ./libs/DEV_Config.o
LOAD ./libs/GUI_Paint.o
LOAD ./libs/LCD_2inch4.o
LOAD ./libs/LCD_2inch4_test.o
LOAD ./libs/LCD_2inch_test.o
LOAD ./libs/font12.o
LOAD ./libs/font12CN.o
LOAD ./libs/font16.o
LOAD ./libs/font20.o
LOAD ./libs/font24.o
LOAD ./libs/font24CN.o
LOAD ./libs/font8.o
LOAD ./libs/image.o
START GROUP
LOAD C:/ST/STM32CubeIDE_1.16.0/STM32CubeIDE/plugins/com.st.stm32cube.ide.mcu.externaltools.gnu-tools-for-stm32.12.3.rel1.win32_1.0.200.202406191623/tools/bin/../lib/gcc/arm-none-eabi/12.3.1/../../../../arm-none-eabi/lib/thumb/v7e-m+fp/hard\libc_nano.a
LOAD C:/ST/STM32CubeIDE_1.16.0/STM32CubeIDE/plugins/com.st.stm32cube.ide.mcu.externaltools.gnu-tools-for-stm32.12.3.rel1.win32_1.0.200.202406191623/tools/bin/../lib/gcc/arm-none-eabi/12.3.1/../../../../arm-none-eabi/lib/thumb/v7e-m+fp/hard\libm.a
END GROUP
START GROUP
LOAD C:/ST/STM32CubeIDE_1.16.0/STM32CubeIDE/plugins/com.st.stm32cube.ide.mcu.externaltools.gnu-tools-for-stm32.12.3.rel1.win32_1.0.200.202406191623/tools/bin/../lib/gcc/arm-none-eabi/12.3.1/thumb/v7e-m+fp/hard\libgcc.a
LOAD C:/ST/STM32CubeIDE_1.16.0/STM32CubeIDE/plugins/com.st.stm32cube.ide.mcu.externaltools.gnu-tools-for-stm32.12.3.rel1.win32_1.0.200.202406191623/tools/bin/../lib/gcc/arm-none-eabi/12.3.1/../../../../arm-none-eabi/lib/thumb/v7e-m+fp/hard\libc_nano.a
END GROUP
START GROUP
LOAD C:/ST/STM32CubeIDE_1.16.0/STM32CubeIDE/plugins/com.st.stm32cube.ide.mcu.externaltools.gnu-tools-for-stm32.12.3.rel1.win32_1.0.200.202406191623/tools/bin/../lib/gcc/arm-none-eabi/12.3.1/thumb/v7e-m+fp/hard\libgcc.a
LOAD C:/ST/STM32CubeIDE_1.16.0/STM32CubeIDE/plugins/com.st.stm32cube.ide.mcu.externaltools.gnu-tools-for-stm32.12.3.rel1.win32_1.0.200.202406191623/tools/bin/../lib/gcc/arm-none-eabi/12.3.1/../../../../arm-none-eabi/lib/thumb/v7e-m+fp/hard\libc_nano.a
LOAD C:/ST/STM32CubeIDE_1.16.0/STM32CubeIDE/plugins/com.st.stm32cube.ide.mcu.externaltools.gnu-tools-for-stm32.12.3.rel1.win32_1.0.200.202406191623/tools/bin/../lib/gcc/arm-none-eabi/12.3.1/../../../../arm-none-eabi/lib/thumb/v7e-m+fp/hard\libnosys.a
END GROUP
START GROUP
LOAD C:/ST/STM32CubeIDE_1.16.0/STM32CubeIDE/plugins/com.st.stm32cube.ide.mcu.externaltools.gnu-tools-for-stm32.12.3.rel1.win32_1.0.200.202406191623/tools/bin/../lib/gcc/arm-none-eabi/12.3.1/thumb/v7e-m+fp/hard\libgcc.a
LOAD C:/ST/STM32CubeIDE_1.16.0/STM32CubeIDE/plugins/com.st.stm32cube.ide.mcu.externaltools.gnu-tools-for-stm32.12.3.rel1.win32_1.0.200.202406191623/tools/bin/../lib/gcc/arm-none-eabi/12.3.1/../../../../arm-none-eabi/lib/thumb/v7e-m+fp/hard\libc_nano.a
LOAD C:/ST/STM32CubeIDE_1.16.0/STM32CubeIDE/plugins/com.st.stm32cube.ide.mcu.externaltools.gnu-tools-for-stm32.12.3.rel1.win32_1.0.200.202406191623/tools/bin/../lib/gcc/arm-none-eabi/12.3.1/../../../../arm-none-eabi/lib/thumb/v7e-m+fp/hard\libnosys.a
END GROUP
LOAD C:/ST/STM32CubeIDE_1.16.0/STM32CubeIDE/plugins/com.st.stm32cube.ide.mcu.externaltools.gnu-tools-for-stm32.12.3.rel1.win32_1.0.200.202406191623/tools/bin/../lib/gcc/arm-none-eabi/12.3.1/thumb/v7e-m+fp/hard/crtend.o
LOAD C:/ST/STM32CubeIDE_1.16.0/STM32CubeIDE/plugins/com.st.stm32cube.ide.mcu.externaltools.gnu-tools-for-stm32.12.3.rel1.win32_1.0.200.202406191623/tools/bin/../lib/gcc/arm-none-eabi/12.3.1/thumb/v7e-m+fp/hard/crtn.o
                0x2001c000                        _estack = (ORIGIN (RAM) + LENGTH (RAM))
                0x00000200                        _Min_Heap_Size = 0x200
                0x00000400                        _Min_Stack_Size = 0x400

.isr_vector     0x08000000      0x1d8
                0x08000000                        . = ALIGN (0x4)
 *(.isr_vector)
 .isr_vector    0x08000000      0x1d8 ./Core/Startup/startup_stm32g491retx.o
                0x08000000                g_pfnVectors
                0x080001d8                        . = ALIGN (0x4)

.text           0x080001e0     0x4bf0
                0x080001e0                        . = ALIGN (0x4)
 *(.text)
 .text          0x080001e0       0x40 C:/ST/STM32CubeIDE_1.16.0/STM32CubeIDE/plugins/com.st.stm32cube.ide.mcu.externaltools.gnu-tools-for-stm32.12.3.rel1.win32_1.0.200.202406191623/tools/bin/../lib/gcc/arm-none-eabi/12.3.1/thumb/v7e-m+fp/hard/crtbegin.o
 .text          0x08000220       0xa0 C:/ST/STM32CubeIDE_1.16.0/STM32CubeIDE/plugins/com.st.stm32cube.ide.mcu.externaltools.gnu-tools-for-stm32.12.3.rel1.win32_1.0.200.202406191623/tools/bin/../lib/gcc/arm-none-eabi/12.3.1/../../../../arm-none-eabi/lib/thumb/v7e-m+fp/hard\libc_nano.a(libc_a-memchr.o)
                0x08000220                memchr
 *(.text*)
 .text.MX_GPIO_Init
                0x080002c0      0x11c ./Core/Src/gpio.o
                0x080002c0                MX_GPIO_Init
 .text.initLCD  0x080003dc       0x3c ./Core/Src/main.o
                0x080003dc                initLCD
 .text.main     0x08000418       0x50 ./Core/Src/main.o
                0x08000418                main
 .text.SystemClock_Config
                0x08000468       0x96 ./Core/Src/main.o
                0x08000468                SystemClock_Config
 .text.MX_NVIC_Init
                0x080004fe       0x28 ./Core/Src/main.o
 .text.Error_Handler
                0x08000526        0xc ./Core/Src/main.o
                0x08000526                Error_Handler
 *fill*         0x08000532        0x2 
 .text.MX_SPI1_Init
                0x08000534       0x7c ./Core/Src/spi.o
                0x08000534                MX_SPI1_Init
 .text.HAL_SPI_MspInit
                0x080005b0       0x84 ./Core/Src/spi.o
                0x080005b0                HAL_SPI_MspInit
 .text.HAL_MspInit
                0x08000634       0x48 ./Core/Src/stm32g4xx_hal_msp.o
                0x08000634                HAL_MspInit
 .text.NMI_Handler
                0x0800067c        0x8 ./Core/Src/stm32g4xx_it.o
                0x0800067c                NMI_Handler
 .text.HardFault_Handler
                0x08000684        0x8 ./Core/Src/stm32g4xx_it.o
                0x08000684                HardFault_Handler
 .text.MemManage_Handler
                0x0800068c        0x8 ./Core/Src/stm32g4xx_it.o
                0x0800068c                MemManage_Handler
 .text.BusFault_Handler
                0x08000694        0x8 ./Core/Src/stm32g4xx_it.o
                0x08000694                BusFault_Handler
 .text.UsageFault_Handler
                0x0800069c        0x8 ./Core/Src/stm32g4xx_it.o
                0x0800069c                UsageFault_Handler
 .text.SVC_Handler
                0x080006a4        0xe ./Core/Src/stm32g4xx_it.o
                0x080006a4                SVC_Handler
 .text.DebugMon_Handler
                0x080006b2        0xe ./Core/Src/stm32g4xx_it.o
                0x080006b2                DebugMon_Handler
 .text.PendSV_Handler
                0x080006c0        0xe ./Core/Src/stm32g4xx_it.o
                0x080006c0                PendSV_Handler
 .text.SysTick_Handler
                0x080006ce        0xc ./Core/Src/stm32g4xx_it.o
                0x080006ce                SysTick_Handler
 .text.EXTI15_10_IRQHandler
                0x080006da       0x10 ./Core/Src/stm32g4xx_it.o
                0x080006da                EXTI15_10_IRQHandler
 .text.FPU_IRQHandler
                0x080006ea        0xe ./Core/Src/stm32g4xx_it.o
                0x080006ea                FPU_IRQHandler
 .text._read    0x080006f8       0x3a ./Core/Src/syscalls.o
                0x080006f8                _read
 .text._write   0x08000732       0x38 ./Core/Src/syscalls.o
                0x08000732                _write
 .text._close   0x0800076a       0x18 ./Core/Src/syscalls.o
                0x0800076a                _close
 .text._fstat   0x08000782       0x20 ./Core/Src/syscalls.o
                0x08000782                _fstat
 .text._isatty  0x080007a2       0x16 ./Core/Src/syscalls.o
                0x080007a2                _isatty
 .text._lseek   0x080007b8       0x1a ./Core/Src/syscalls.o
                0x080007b8                _lseek
 *fill*         0x080007d2        0x2 
 .text._sbrk    0x080007d4       0x6c ./Core/Src/sysmem.o
                0x080007d4                _sbrk
 .text.SystemInit
                0x08000840       0x24 ./Core/Src/system_stm32g4xx.o
                0x08000840                SystemInit
 .text.MX_TIM3_Init
                0x08000864       0xb4 ./Core/Src/tim.o
                0x08000864                MX_TIM3_Init
 .text.HAL_TIM_PWM_MspInit
                0x08000918       0x40 ./Core/Src/tim.o
                0x08000918                HAL_TIM_PWM_MspInit
 .text.HAL_TIM_MspPostInit
                0x08000958       0x70 ./Core/Src/tim.o
                0x08000958                HAL_TIM_MspPostInit
 .text.Reset_Handler
                0x080009c8       0x50 ./Core/Startup/startup_stm32g491retx.o
                0x080009c8                Reset_Handler
 .text.Default_Handler
                0x08000a18        0x2 ./Core/Startup/startup_stm32g491retx.o
                0x08000a18                RTC_Alarm_IRQHandler
                0x08000a18                EXTI2_IRQHandler
                0x08000a18                TIM8_TRG_COM_IRQHandler
                0x08000a18                TIM8_CC_IRQHandler
                0x08000a18                TIM1_CC_IRQHandler
                0x08000a18                USB_HP_IRQHandler
                0x08000a18                CORDIC_IRQHandler
                0x08000a18                DMA2_Channel8_IRQHandler
                0x08000a18                EXTI3_IRQHandler
                0x08000a18                I2C3_ER_IRQHandler
                0x08000a18                EXTI0_IRQHandler
                0x08000a18                I2C2_EV_IRQHandler
                0x08000a18                FDCAN1_IT1_IRQHandler
                0x08000a18                TIM1_UP_TIM16_IRQHandler
                0x08000a18                ADC1_2_IRQHandler
                0x08000a18                SPI1_IRQHandler
                0x08000a18                TIM6_DAC_IRQHandler
                0x08000a18                TIM8_UP_IRQHandler
                0x08000a18                DMA2_Channel2_IRQHandler
                0x08000a18                DMA1_Channel4_IRQHandler
                0x08000a18                TIM20_TRG_COM_IRQHandler
                0x08000a18                USART3_IRQHandler
                0x08000a18                DMA1_Channel7_IRQHandler
                0x08000a18                UART5_IRQHandler
                0x08000a18                ADC3_IRQHandler
                0x08000a18                TIM4_IRQHandler
                0x08000a18                DMA2_Channel1_IRQHandler
                0x08000a18                QUADSPI_IRQHandler
                0x08000a18                I2C1_EV_IRQHandler
                0x08000a18                DMA1_Channel6_IRQHandler
                0x08000a18                UART4_IRQHandler
                0x08000a18                DMA2_Channel4_IRQHandler
                0x08000a18                TIM3_IRQHandler
                0x08000a18                RCC_IRQHandler
                0x08000a18                TIM20_UP_IRQHandler
                0x08000a18                DMA1_Channel1_IRQHandler
                0x08000a18                Default_Handler
                0x08000a18                DMA2_Channel7_IRQHandler
                0x08000a18                RTC_TAMP_LSECSS_IRQHandler
                0x08000a18                FMAC_IRQHandler
                0x08000a18                DMA1_Channel8_IRQHandler
                0x08000a18                TIM7_IRQHandler
                0x08000a18                UCPD1_IRQHandler
                0x08000a18                I2C3_EV_IRQHandler
                0x08000a18                EXTI9_5_IRQHandler
                0x08000a18                RTC_WKUP_IRQHandler
                0x08000a18                PVD_PVM_IRQHandler
                0x08000a18                SPI2_IRQHandler
                0x08000a18                DMA2_Channel5_IRQHandler
                0x08000a18                CRS_IRQHandler
                0x08000a18                DMA1_Channel5_IRQHandler
                0x08000a18                USB_LP_IRQHandler
                0x08000a18                EXTI4_IRQHandler
                0x08000a18                RNG_IRQHandler
                0x08000a18                TIM1_TRG_COM_TIM17_IRQHandler
                0x08000a18                FDCAN2_IT1_IRQHandler
                0x08000a18                DMA1_Channel3_IRQHandler
                0x08000a18                WWDG_IRQHandler
                0x08000a18                FDCAN2_IT0_IRQHandler
                0x08000a18                LPUART1_IRQHandler
                0x08000a18                DMA2_Channel6_IRQHandler
                0x08000a18                FDCAN1_IT0_IRQHandler
                0x08000a18                TIM2_IRQHandler
                0x08000a18                COMP1_2_3_IRQHandler
                0x08000a18                EXTI1_IRQHandler
                0x08000a18                USART2_IRQHandler
                0x08000a18                TIM20_BRK_IRQHandler
                0x08000a18                I2C2_ER_IRQHandler
                0x08000a18                DMA1_Channel2_IRQHandler
                0x08000a18                TIM8_BRK_IRQHandler
                0x08000a18                FLASH_IRQHandler
                0x08000a18                TIM20_CC_IRQHandler
                0x08000a18                USART1_IRQHandler
                0x08000a18                SPI3_IRQHandler
                0x08000a18                I2C1_ER_IRQHandler
                0x08000a18                LPTIM1_IRQHandler
                0x08000a18                DMAMUX_OVR_IRQHandler
                0x08000a18                USBWakeUp_IRQHandler
                0x08000a18                SAI1_IRQHandler
                0x08000a18                DMA2_Channel3_IRQHandler
                0x08000a18                COMP4_IRQHandler
                0x08000a18                TIM1_BRK_TIM15_IRQHandler
 .text.HAL_Init
                0x08000a1a       0x30 ./Drivers/STM32G4xx_HAL_Driver/Src/stm32g4xx_hal.o
                0x08000a1a                HAL_Init
 *fill*         0x08000a4a        0x2 
 .text.HAL_InitTick
                0x08000a4c       0x74 ./Drivers/STM32G4xx_HAL_Driver/Src/stm32g4xx_hal.o
                0x08000a4c                HAL_InitTick
 .text.HAL_IncTick
                0x08000ac0       0x24 ./Drivers/STM32G4xx_HAL_Driver/Src/stm32g4xx_hal.o
                0x08000ac0                HAL_IncTick
 .text.HAL_GetTick
                0x08000ae4       0x18 ./Drivers/STM32G4xx_HAL_Driver/Src/stm32g4xx_hal.o
                0x08000ae4                HAL_GetTick
 .text.HAL_Delay
                0x08000afc       0x44 ./Drivers/STM32G4xx_HAL_Driver/Src/stm32g4xx_hal.o
                0x08000afc                HAL_Delay
 .text.__NVIC_SetPriorityGrouping
                0x08000b40       0x48 ./Drivers/STM32G4xx_HAL_Driver/Src/stm32g4xx_hal_cortex.o
 .text.__NVIC_GetPriorityGrouping
                0x08000b88       0x1c ./Drivers/STM32G4xx_HAL_Driver/Src/stm32g4xx_hal_cortex.o
 .text.__NVIC_EnableIRQ
                0x08000ba4       0x3c ./Drivers/STM32G4xx_HAL_Driver/Src/stm32g4xx_hal_cortex.o
 .text.__NVIC_SetPriority
                0x08000be0       0x54 ./Drivers/STM32G4xx_HAL_Driver/Src/stm32g4xx_hal_cortex.o
 .text.NVIC_EncodePriority
                0x08000c34       0x66 ./Drivers/STM32G4xx_HAL_Driver/Src/stm32g4xx_hal_cortex.o
 *fill*         0x08000c9a        0x2 
 .text.SysTick_Config
                0x08000c9c       0x44 ./Drivers/STM32G4xx_HAL_Driver/Src/stm32g4xx_hal_cortex.o
 .text.HAL_NVIC_SetPriorityGrouping
                0x08000ce0       0x16 ./Drivers/STM32G4xx_HAL_Driver/Src/stm32g4xx_hal_cortex.o
                0x08000ce0                HAL_NVIC_SetPriorityGrouping
 .text.HAL_NVIC_SetPriority
                0x08000cf6       0x34 ./Drivers/STM32G4xx_HAL_Driver/Src/stm32g4xx_hal_cortex.o
                0x08000cf6                HAL_NVIC_SetPriority
 .text.HAL_NVIC_EnableIRQ
                0x08000d2a       0x1c ./Drivers/STM32G4xx_HAL_Driver/Src/stm32g4xx_hal_cortex.o
                0x08000d2a                HAL_NVIC_EnableIRQ
 .text.HAL_SYSTICK_Config
                0x08000d46       0x18 ./Drivers/STM32G4xx_HAL_Driver/Src/stm32g4xx_hal_cortex.o
                0x08000d46                HAL_SYSTICK_Config
 *fill*         0x08000d5e        0x2 
 .text.HAL_GPIO_Init
                0x08000d60      0x304 ./Drivers/STM32G4xx_HAL_Driver/Src/stm32g4xx_hal_gpio.o
                0x08000d60                HAL_GPIO_Init
 .text.HAL_GPIO_WritePin
                0x08001064       0x30 ./Drivers/STM32G4xx_HAL_Driver/Src/stm32g4xx_hal_gpio.o
                0x08001064                HAL_GPIO_WritePin
 .text.HAL_GPIO_EXTI_IRQHandler
                0x08001094       0x30 ./Drivers/STM32G4xx_HAL_Driver/Src/stm32g4xx_hal_gpio.o
                0x08001094                HAL_GPIO_EXTI_IRQHandler
 .text.HAL_GPIO_EXTI_Callback
                0x080010c4       0x16 ./Drivers/STM32G4xx_HAL_Driver/Src/stm32g4xx_hal_gpio.o
                0x080010c4                HAL_GPIO_EXTI_Callback
 *fill*         0x080010da        0x2 
 .text.HAL_PWREx_ControlVoltageScaling
                0x080010dc      0x148 ./Drivers/STM32G4xx_HAL_Driver/Src/stm32g4xx_hal_pwr_ex.o
                0x080010dc                HAL_PWREx_ControlVoltageScaling
 .text.HAL_PWREx_DisableUCPDDeadBattery
                0x08001224       0x20 ./Drivers/STM32G4xx_HAL_Driver/Src/stm32g4xx_hal_pwr_ex.o
                0x08001224                HAL_PWREx_DisableUCPDDeadBattery
 .text.HAL_RCC_OscConfig
                0x08001244      0x624 ./Drivers/STM32G4xx_HAL_Driver/Src/stm32g4xx_hal_rcc.o
                0x08001244                HAL_RCC_OscConfig
 .text.HAL_RCC_ClockConfig
                0x08001868      0x278 ./Drivers/STM32G4xx_HAL_Driver/Src/stm32g4xx_hal_rcc.o
                0x08001868                HAL_RCC_ClockConfig
 .text.HAL_RCC_GetSysClockFreq
                0x08001ae0       0xc4 ./Drivers/STM32G4xx_HAL_Driver/Src/stm32g4xx_hal_rcc.o
                0x08001ae0                HAL_RCC_GetSysClockFreq
 .text.RCC_GetSysClockFreqFromPLLSource
                0x08001ba4       0x8c ./Drivers/STM32G4xx_HAL_Driver/Src/stm32g4xx_hal_rcc.o
 .text.HAL_SPI_Init
                0x08001c30      0x156 ./Drivers/STM32G4xx_HAL_Driver/Src/stm32g4xx_hal_spi.o
                0x08001c30                HAL_SPI_Init
 .text.HAL_SPI_Transmit
                0x08001d86      0x2ea ./Drivers/STM32G4xx_HAL_Driver/Src/stm32g4xx_hal_spi.o
                0x08001d86                HAL_SPI_Transmit
 .text.SPI_WaitFlagStateUntilTimeout
                0x08002070      0x110 ./Drivers/STM32G4xx_HAL_Driver/Src/stm32g4xx_hal_spi.o
 .text.SPI_WaitFifoStateUntilTimeout
                0x08002180      0x12c ./Drivers/STM32G4xx_HAL_Driver/Src/stm32g4xx_hal_spi.o
 .text.SPI_EndRxTxTransaction
                0x080022ac       0x8c ./Drivers/STM32G4xx_HAL_Driver/Src/stm32g4xx_hal_spi.o
 .text.HAL_TIM_PWM_Init
                0x08002338       0xae ./Drivers/STM32G4xx_HAL_Driver/Src/stm32g4xx_hal_tim.o
                0x08002338                HAL_TIM_PWM_Init
 *fill*         0x080023e6        0x2 
 .text.HAL_TIM_PWM_Start
                0x080023e8      0x218 ./Drivers/STM32G4xx_HAL_Driver/Src/stm32g4xx_hal_tim.o
                0x080023e8                HAL_TIM_PWM_Start
 .text.HAL_TIM_PWM_ConfigChannel
                0x08002600      0x228 ./Drivers/STM32G4xx_HAL_Driver/Src/stm32g4xx_hal_tim.o
                0x08002600                HAL_TIM_PWM_ConfigChannel
 .text.TIM_Base_SetConfig
                0x08002828      0x154 ./Drivers/STM32G4xx_HAL_Driver/Src/stm32g4xx_hal_tim.o
                0x08002828                TIM_Base_SetConfig
 .text.TIM_OC1_SetConfig
                0x0800297c      0x134 ./Drivers/STM32G4xx_HAL_Driver/Src/stm32g4xx_hal_tim.o
 .text.TIM_OC2_SetConfig
                0x08002ab0      0x128 ./Drivers/STM32G4xx_HAL_Driver/Src/stm32g4xx_hal_tim.o
                0x08002ab0                TIM_OC2_SetConfig
 .text.TIM_OC3_SetConfig
                0x08002bd8      0x124 ./Drivers/STM32G4xx_HAL_Driver/Src/stm32g4xx_hal_tim.o
 .text.TIM_OC4_SetConfig
                0x08002cfc      0x128 ./Drivers/STM32G4xx_HAL_Driver/Src/stm32g4xx_hal_tim.o
 .text.TIM_OC5_SetConfig
                0x08002e24       0xd4 ./Drivers/STM32G4xx_HAL_Driver/Src/stm32g4xx_hal_tim.o
 .text.TIM_OC6_SetConfig
                0x08002ef8       0xd8 ./Drivers/STM32G4xx_HAL_Driver/Src/stm32g4xx_hal_tim.o
 .text.TIM_CCxChannelCmd
                0x08002fd0       0x4a ./Drivers/STM32G4xx_HAL_Driver/Src/stm32g4xx_hal_tim.o
                0x08002fd0                TIM_CCxChannelCmd
 *fill*         0x0800301a        0x2 
 .text.HAL_TIMEx_MasterConfigSynchronization
                0x0800301c      0x11c ./Drivers/STM32G4xx_HAL_Driver/Src/stm32g4xx_hal_tim_ex.o
                0x0800301c                HAL_TIMEx_MasterConfigSynchronization
 .text.DEV_SPI_WRite
                0x08003138       0x24 ./libs/DEV_Config.o
                0x08003138                DEV_SPI_WRite
 .text.DEV_Module_Init
                0x0800315c       0x40 ./libs/DEV_Config.o
                0x0800315c                DEV_Module_Init
 .text.Paint_NewImage
                0x0800319c       0x98 ./libs/GUI_Paint.o
                0x0800319c                Paint_NewImage
 .text.Paint_SetClearFuntion
                0x08003234       0x20 ./libs/GUI_Paint.o
                0x08003234                Paint_SetClearFuntion
 .text.Paint_SetDisplayFuntion
                0x08003254       0x20 ./libs/GUI_Paint.o
                0x08003254                Paint_SetDisplayFuntion
 .text.Paint_SetPixel
                0x08003274      0x160 ./libs/GUI_Paint.o
                0x08003274                Paint_SetPixel
 .text.Paint_Clear
                0x080033d4       0x20 ./libs/GUI_Paint.o
                0x080033d4                Paint_Clear
 .text.Paint_DrawChar
                0x080033f4      0x158 ./libs/GUI_Paint.o
                0x080033f4                Paint_DrawChar
 .text.Paint_DrawString_EN
                0x0800354c       0xb0 ./libs/GUI_Paint.o
                0x0800354c                Paint_DrawString_EN
 .text.LCD_2IN4_Reset
                0x080035fc       0x44 ./libs/LCD_2inch4.o
 .text.LCD_2IN4_Write_Command
                0x08003640       0x38 ./libs/LCD_2inch4.o
 .text.LCD_2IN4_WriteData_Byte
                0x08003678       0x40 ./libs/LCD_2inch4.o
 .text.LCD_2IN4_WriteData_Word
                0x080036b8       0x50 ./libs/LCD_2inch4.o
                0x080036b8                LCD_2IN4_WriteData_Word
 .text.LCD_2IN4_Init
                0x08003708      0x212 ./libs/LCD_2inch4.o
                0x08003708                LCD_2IN4_Init
 .text.LCD_2IN4_SetWindow
                0x0800391a       0xa0 ./libs/LCD_2inch4.o
                0x0800391a                LCD_2IN4_SetWindow
 .text.LCD_2IN4_SetCursor
                0x080039ba       0x8a ./libs/LCD_2inch4.o
                0x080039ba                LCD_2IN4_SetCursor
 .text.LCD_2IN4_Clear
                0x08003a44       0x5e ./libs/LCD_2inch4.o
                0x08003a44                LCD_2IN4_Clear
 .text.LCD_2IN4_DrawPaint
                0x08003aa2       0x2e ./libs/LCD_2inch4.o
                0x08003aa2                LCD_2IN4_DrawPaint
 .text.LCD_2IN4_SetBackLight
                0x08003ad0       0x20 ./libs/LCD_2inch4.o
                0x08003ad0                LCD_2IN4_SetBackLight
 .text.sbrk_aligned
                0x08003af0       0x44 C:/ST/STM32CubeIDE_1.16.0/STM32CubeIDE/plugins/com.st.stm32cube.ide.mcu.externaltools.gnu-tools-for-stm32.12.3.rel1.win32_1.0.200.202406191623/tools/bin/../lib/gcc/arm-none-eabi/12.3.1/../../../../arm-none-eabi/lib/thumb/v7e-m+fp/hard\libc_nano.a(libc_a-mallocr.o)
 .text._malloc_r
                0x08003b34      0x100 C:/ST/STM32CubeIDE_1.16.0/STM32CubeIDE/plugins/com.st.stm32cube.ide.mcu.externaltools.gnu-tools-for-stm32.12.3.rel1.win32_1.0.200.202406191623/tools/bin/../lib/gcc/arm-none-eabi/12.3.1/../../../../arm-none-eabi/lib/thumb/v7e-m+fp/hard\libc_nano.a(libc_a-mallocr.o)
                0x08003b34                _malloc_r
 .text.__malloc_lock
                0x08003c34        0xc C:/ST/STM32CubeIDE_1.16.0/STM32CubeIDE/plugins/com.st.stm32cube.ide.mcu.externaltools.gnu-tools-for-stm32.12.3.rel1.win32_1.0.200.202406191623/tools/bin/../lib/gcc/arm-none-eabi/12.3.1/../../../../arm-none-eabi/lib/thumb/v7e-m+fp/hard\libc_nano.a(libc_a-mlock.o)
                0x08003c34                __malloc_lock
 .text.__malloc_unlock
                0x08003c40        0xc C:/ST/STM32CubeIDE_1.16.0/STM32CubeIDE/plugins/com.st.stm32cube.ide.mcu.externaltools.gnu-tools-for-stm32.12.3.rel1.win32_1.0.200.202406191623/tools/bin/../lib/gcc/arm-none-eabi/12.3.1/../../../../arm-none-eabi/lib/thumb/v7e-m+fp/hard\libc_nano.a(libc_a-mlock.o)
                0x08003c40                __malloc_unlock
 .text.std      0x08003c4c       0x6c C:/ST/STM32CubeIDE_1.16.0/STM32CubeIDE/plugins/com.st.stm32cube.ide.mcu.externaltools.gnu-tools-for-stm32.12.3.rel1.win32_1.0.200.202406191623/tools/bin/../lib/gcc/arm-none-eabi/12.3.1/../../../../arm-none-eabi/lib/thumb/v7e-m+fp/hard\libc_nano.a(libc_a-findfp.o)
 .text.stdio_exit_handler
                0x08003cb8       0x18 C:/ST/STM32CubeIDE_1.16.0/STM32CubeIDE/plugins/com.st.stm32cube.ide.mcu.externaltools.gnu-tools-for-stm32.12.3.rel1.win32_1.0.200.202406191623/tools/bin/../lib/gcc/arm-none-eabi/12.3.1/../../../../arm-none-eabi/lib/thumb/v7e-m+fp/hard\libc_nano.a(libc_a-findfp.o)
 .text.cleanup_stdio
                0x08003cd0       0x40 C:/ST/STM32CubeIDE_1.16.0/STM32CubeIDE/plugins/com.st.stm32cube.ide.mcu.externaltools.gnu-tools-for-stm32.12.3.rel1.win32_1.0.200.202406191623/tools/bin/../lib/gcc/arm-none-eabi/12.3.1/../../../../arm-none-eabi/lib/thumb/v7e-m+fp/hard\libc_nano.a(libc_a-findfp.o)
 .text.global_stdio_init.part.0
                0x08003d10       0x3c C:/ST/STM32CubeIDE_1.16.0/STM32CubeIDE/plugins/com.st.stm32cube.ide.mcu.externaltools.gnu-tools-for-stm32.12.3.rel1.win32_1.0.200.202406191623/tools/bin/../lib/gcc/arm-none-eabi/12.3.1/../../../../arm-none-eabi/lib/thumb/v7e-m+fp/hard\libc_nano.a(libc_a-findfp.o)
 .text.__sfp_lock_acquire
                0x08003d4c        0xc C:/ST/STM32CubeIDE_1.16.0/STM32CubeIDE/plugins/com.st.stm32cube.ide.mcu.externaltools.gnu-tools-for-stm32.12.3.rel1.win32_1.0.200.202406191623/tools/bin/../lib/gcc/arm-none-eabi/12.3.1/../../../../arm-none-eabi/lib/thumb/v7e-m+fp/hard\libc_nano.a(libc_a-findfp.o)
                0x08003d4c                __sfp_lock_acquire
 .text.__sfp_lock_release
                0x08003d58        0xc C:/ST/STM32CubeIDE_1.16.0/STM32CubeIDE/plugins/com.st.stm32cube.ide.mcu.externaltools.gnu-tools-for-stm32.12.3.rel1.win32_1.0.200.202406191623/tools/bin/../lib/gcc/arm-none-eabi/12.3.1/../../../../arm-none-eabi/lib/thumb/v7e-m+fp/hard\libc_nano.a(libc_a-findfp.o)
                0x08003d58                __sfp_lock_release
 .text.__sinit  0x08003d64       0x30 C:/ST/STM32CubeIDE_1.16.0/STM32CubeIDE/plugins/com.st.stm32cube.ide.mcu.externaltools.gnu-tools-for-stm32.12.3.rel1.win32_1.0.200.202406191623/tools/bin/../lib/gcc/arm-none-eabi/12.3.1/../../../../arm-none-eabi/lib/thumb/v7e-m+fp/hard\libc_nano.a(libc_a-findfp.o)
                0x08003d64                __sinit
 .text._fwalk_sglue
                0x08003d94       0x3c C:/ST/STM32CubeIDE_1.16.0/STM32CubeIDE/plugins/com.st.stm32cube.ide.mcu.externaltools.gnu-tools-for-stm32.12.3.rel1.win32_1.0.200.202406191623/tools/bin/../lib/gcc/arm-none-eabi/12.3.1/../../../../arm-none-eabi/lib/thumb/v7e-m+fp/hard\libc_nano.a(libc_a-fwalk.o)
                0x08003d94                _fwalk_sglue
 .text.printf   0x08003dd0       0x24 C:/ST/STM32CubeIDE_1.16.0/STM32CubeIDE/plugins/com.st.stm32cube.ide.mcu.externaltools.gnu-tools-for-stm32.12.3.rel1.win32_1.0.200.202406191623/tools/bin/../lib/gcc/arm-none-eabi/12.3.1/../../../../arm-none-eabi/lib/thumb/v7e-m+fp/hard\libc_nano.a(libc_a-printf.o)
                0x08003dd0                iprintf
                0x08003dd0                printf
 .text._puts_r  0x08003df4       0xaa C:/ST/STM32CubeIDE_1.16.0/STM32CubeIDE/plugins/com.st.stm32cube.ide.mcu.externaltools.gnu-tools-for-stm32.12.3.rel1.win32_1.0.200.202406191623/tools/bin/../lib/gcc/arm-none-eabi/12.3.1/../../../../arm-none-eabi/lib/thumb/v7e-m+fp/hard\libc_nano.a(libc_a-puts.o)
                0x08003df4                _puts_r
 *fill*         0x08003e9e        0x2 
 .text.puts     0x08003ea0       0x10 C:/ST/STM32CubeIDE_1.16.0/STM32CubeIDE/plugins/com.st.stm32cube.ide.mcu.externaltools.gnu-tools-for-stm32.12.3.rel1.win32_1.0.200.202406191623/tools/bin/../lib/gcc/arm-none-eabi/12.3.1/../../../../arm-none-eabi/lib/thumb/v7e-m+fp/hard\libc_nano.a(libc_a-puts.o)
                0x08003ea0                puts
 .text.sprintf  0x08003eb0       0x40 C:/ST/STM32CubeIDE_1.16.0/STM32CubeIDE/plugins/com.st.stm32cube.ide.mcu.externaltools.gnu-tools-for-stm32.12.3.rel1.win32_1.0.200.202406191623/tools/bin/../lib/gcc/arm-none-eabi/12.3.1/../../../../arm-none-eabi/lib/thumb/v7e-m+fp/hard\libc_nano.a(libc_a-sprintf.o)
                0x08003eb0                siprintf
                0x08003eb0                sprintf
 .text.__sread  0x08003ef0       0x22 C:/ST/STM32CubeIDE_1.16.0/STM32CubeIDE/plugins/com.st.stm32cube.ide.mcu.externaltools.gnu-tools-for-stm32.12.3.rel1.win32_1.0.200.202406191623/tools/bin/../lib/gcc/arm-none-eabi/12.3.1/../../../../arm-none-eabi/lib/thumb/v7e-m+fp/hard\libc_nano.a(libc_a-stdio.o)
                0x08003ef0                __sread
 .text.__swrite
                0x08003f12       0x38 C:/ST/STM32CubeIDE_1.16.0/STM32CubeIDE/plugins/com.st.stm32cube.ide.mcu.externaltools.gnu-tools-for-stm32.12.3.rel1.win32_1.0.200.202406191623/tools/bin/../lib/gcc/arm-none-eabi/12.3.1/../../../../arm-none-eabi/lib/thumb/v7e-m+fp/hard\libc_nano.a(libc_a-stdio.o)
                0x08003f12                __swrite
 .text.__sseek  0x08003f4a       0x24 C:/ST/STM32CubeIDE_1.16.0/STM32CubeIDE/plugins/com.st.stm32cube.ide.mcu.externaltools.gnu-tools-for-stm32.12.3.rel1.win32_1.0.200.202406191623/tools/bin/../lib/gcc/arm-none-eabi/12.3.1/../../../../arm-none-eabi/lib/thumb/v7e-m+fp/hard\libc_nano.a(libc_a-stdio.o)
                0x08003f4a                __sseek
 .text.__sclose
                0x08003f6e        0x8 C:/ST/STM32CubeIDE_1.16.0/STM32CubeIDE/plugins/com.st.stm32cube.ide.mcu.externaltools.gnu-tools-for-stm32.12.3.rel1.win32_1.0.200.202406191623/tools/bin/../lib/gcc/arm-none-eabi/12.3.1/../../../../arm-none-eabi/lib/thumb/v7e-m+fp/hard\libc_nano.a(libc_a-stdio.o)
                0x08003f6e                __sclose
 .text.__swbuf_r
                0x08003f76       0x7c C:/ST/STM32CubeIDE_1.16.0/STM32CubeIDE/plugins/com.st.stm32cube.ide.mcu.externaltools.gnu-tools-for-stm32.12.3.rel1.win32_1.0.200.202406191623/tools/bin/../lib/gcc/arm-none-eabi/12.3.1/../../../../arm-none-eabi/lib/thumb/v7e-m+fp/hard\libc_nano.a(libc_a-wbuf.o)
                0x08003f76                __swbuf_r
 *fill*         0x08003ff2        0x2 
 .text.__swsetup_r
                0x08003ff4       0xac C:/ST/STM32CubeIDE_1.16.0/STM32CubeIDE/plugins/com.st.stm32cube.ide.mcu.externaltools.gnu-tools-for-stm32.12.3.rel1.win32_1.0.200.202406191623/tools/bin/../lib/gcc/arm-none-eabi/12.3.1/../../../../arm-none-eabi/lib/thumb/v7e-m+fp/hard\libc_nano.a(libc_a-wsetup.o)
                0x08003ff4                __swsetup_r
 .text.memset   0x080040a0       0x10 C:/ST/STM32CubeIDE_1.16.0/STM32CubeIDE/plugins/com.st.stm32cube.ide.mcu.externaltools.gnu-tools-for-stm32.12.3.rel1.win32_1.0.200.202406191623/tools/bin/../lib/gcc/arm-none-eabi/12.3.1/../../../../arm-none-eabi/lib/thumb/v7e-m+fp/hard\libc_nano.a(libc_a-memset.o)
                0x080040a0                memset
 .text._close_r
                0x080040b0       0x20 C:/ST/STM32CubeIDE_1.16.0/STM32CubeIDE/plugins/com.st.stm32cube.ide.mcu.externaltools.gnu-tools-for-stm32.12.3.rel1.win32_1.0.200.202406191623/tools/bin/../lib/gcc/arm-none-eabi/12.3.1/../../../../arm-none-eabi/lib/thumb/v7e-m+fp/hard\libc_nano.a(libc_a-closer.o)
                0x080040b0                _close_r
 .text._lseek_r
                0x080040d0       0x24 C:/ST/STM32CubeIDE_1.16.0/STM32CubeIDE/plugins/com.st.stm32cube.ide.mcu.externaltools.gnu-tools-for-stm32.12.3.rel1.win32_1.0.200.202406191623/tools/bin/../lib/gcc/arm-none-eabi/12.3.1/../../../../arm-none-eabi/lib/thumb/v7e-m+fp/hard\libc_nano.a(libc_a-lseekr.o)
                0x080040d0                _lseek_r
 .text._read_r  0x080040f4       0x24 C:/ST/STM32CubeIDE_1.16.0/STM32CubeIDE/plugins/com.st.stm32cube.ide.mcu.externaltools.gnu-tools-for-stm32.12.3.rel1.win32_1.0.200.202406191623/tools/bin/../lib/gcc/arm-none-eabi/12.3.1/../../../../arm-none-eabi/lib/thumb/v7e-m+fp/hard\libc_nano.a(libc_a-readr.o)
                0x080040f4                _read_r
 .text._sbrk_r  0x08004118       0x20 C:/ST/STM32CubeIDE_1.16.0/STM32CubeIDE/plugins/com.st.stm32cube.ide.mcu.externaltools.gnu-tools-for-stm32.12.3.rel1.win32_1.0.200.202406191623/tools/bin/../lib/gcc/arm-none-eabi/12.3.1/../../../../arm-none-eabi/lib/thumb/v7e-m+fp/hard\libc_nano.a(libc_a-sbrkr.o)
                0x08004118                _sbrk_r
 .text._write_r
                0x08004138       0x24 C:/ST/STM32CubeIDE_1.16.0/STM32CubeIDE/plugins/com.st.stm32cube.ide.mcu.externaltools.gnu-tools-for-stm32.12.3.rel1.win32_1.0.200.202406191623/tools/bin/../lib/gcc/arm-none-eabi/12.3.1/../../../../arm-none-eabi/lib/thumb/v7e-m+fp/hard\libc_nano.a(libc_a-writer.o)
                0x08004138                _write_r
 .text.__errno  0x0800415c        0xc C:/ST/STM32CubeIDE_1.16.0/STM32CubeIDE/plugins/com.st.stm32cube.ide.mcu.externaltools.gnu-tools-for-stm32.12.3.rel1.win32_1.0.200.202406191623/tools/bin/../lib/gcc/arm-none-eabi/12.3.1/../../../../arm-none-eabi/lib/thumb/v7e-m+fp/hard\libc_nano.a(libc_a-errno.o)
                0x0800415c                __errno
 .text.__libc_init_array
                0x08004168       0x48 C:/ST/STM32CubeIDE_1.16.0/STM32CubeIDE/plugins/com.st.stm32cube.ide.mcu.externaltools.gnu-tools-for-stm32.12.3.rel1.win32_1.0.200.202406191623/tools/bin/../lib/gcc/arm-none-eabi/12.3.1/../../../../arm-none-eabi/lib/thumb/v7e-m+fp/hard\libc_nano.a(libc_a-init.o)
                0x08004168                __libc_init_array
 .text.__retarget_lock_init_recursive
                0x080041b0        0x2 C:/ST/STM32CubeIDE_1.16.0/STM32CubeIDE/plugins/com.st.stm32cube.ide.mcu.externaltools.gnu-tools-for-stm32.12.3.rel1.win32_1.0.200.202406191623/tools/bin/../lib/gcc/arm-none-eabi/12.3.1/../../../../arm-none-eabi/lib/thumb/v7e-m+fp/hard\libc_nano.a(libc_a-lock.o)
                0x080041b0                __retarget_lock_init_recursive
 .text.__retarget_lock_acquire_recursive
                0x080041b2        0x2 C:/ST/STM32CubeIDE_1.16.0/STM32CubeIDE/plugins/com.st.stm32cube.ide.mcu.externaltools.gnu-tools-for-stm32.12.3.rel1.win32_1.0.200.202406191623/tools/bin/../lib/gcc/arm-none-eabi/12.3.1/../../../../arm-none-eabi/lib/thumb/v7e-m+fp/hard\libc_nano.a(libc_a-lock.o)
                0x080041b2                __retarget_lock_acquire_recursive
 .text.__retarget_lock_release_recursive
                0x080041b4        0x2 C:/ST/STM32CubeIDE_1.16.0/STM32CubeIDE/plugins/com.st.stm32cube.ide.mcu.externaltools.gnu-tools-for-stm32.12.3.rel1.win32_1.0.200.202406191623/tools/bin/../lib/gcc/arm-none-eabi/12.3.1/../../../../arm-none-eabi/lib/thumb/v7e-m+fp/hard\libc_nano.a(libc_a-lock.o)
                0x080041b4                __retarget_lock_release_recursive
 .text.memcpy   0x080041b6       0x1c C:/ST/STM32CubeIDE_1.16.0/STM32CubeIDE/plugins/com.st.stm32cube.ide.mcu.externaltools.gnu-tools-for-stm32.12.3.rel1.win32_1.0.200.202406191623/tools/bin/../lib/gcc/arm-none-eabi/12.3.1/../../../../arm-none-eabi/lib/thumb/v7e-m+fp/hard\libc_nano.a(libc_a-memcpy-stub.o)
                0x080041b6                memcpy
 *fill*         0x080041d2        0x2 
 .text._free_r  0x080041d4       0x94 C:/ST/STM32CubeIDE_1.16.0/STM32CubeIDE/plugins/com.st.stm32cube.ide.mcu.externaltools.gnu-tools-for-stm32.12.3.rel1.win32_1.0.200.202406191623/tools/bin/../lib/gcc/arm-none-eabi/12.3.1/../../../../arm-none-eabi/lib/thumb/v7e-m+fp/hard\libc_nano.a(libc_a-freer.o)
                0x080041d4                _free_r
 .text.__ssputs_r
                0x08004268       0xb6 C:/ST/STM32CubeIDE_1.16.0/STM32CubeIDE/plugins/com.st.stm32cube.ide.mcu.externaltools.gnu-tools-for-stm32.12.3.rel1.win32_1.0.200.202406191623/tools/bin/../lib/gcc/arm-none-eabi/12.3.1/../../../../arm-none-eabi/lib/thumb/v7e-m+fp/hard\libc_nano.a(libc_a-nano-svfprintf.o)
                0x08004268                __ssputs_r
 *fill*         0x0800431e        0x2 
 .text._svfprintf_r
                0x08004320      0x1f8 C:/ST/STM32CubeIDE_1.16.0/STM32CubeIDE/plugins/com.st.stm32cube.ide.mcu.externaltools.gnu-tools-for-stm32.12.3.rel1.win32_1.0.200.202406191623/tools/bin/../lib/gcc/arm-none-eabi/12.3.1/../../../../arm-none-eabi/lib/thumb/v7e-m+fp/hard\libc_nano.a(libc_a-nano-svfprintf.o)
                0x08004320                _svfiprintf_r
                0x08004320                _svfprintf_r
 .text.__sfputc_r
                0x08004518       0x2e C:/ST/STM32CubeIDE_1.16.0/STM32CubeIDE/plugins/com.st.stm32cube.ide.mcu.externaltools.gnu-tools-for-stm32.12.3.rel1.win32_1.0.200.202406191623/tools/bin/../lib/gcc/arm-none-eabi/12.3.1/../../../../arm-none-eabi/lib/thumb/v7e-m+fp/hard\libc_nano.a(libc_a-nano-vfprintf.o)
 .text.__sfputs_r
                0x08004546       0x24 C:/ST/STM32CubeIDE_1.16.0/STM32CubeIDE/plugins/com.st.stm32cube.ide.mcu.externaltools.gnu-tools-for-stm32.12.3.rel1.win32_1.0.200.202406191623/tools/bin/../lib/gcc/arm-none-eabi/12.3.1/../../../../arm-none-eabi/lib/thumb/v7e-m+fp/hard\libc_nano.a(libc_a-nano-vfprintf.o)
                0x08004546                __sfputs_r
 *fill*         0x0800456a        0x2 
 .text._vfprintf_r
                0x0800456c      0x230 C:/ST/STM32CubeIDE_1.16.0/STM32CubeIDE/plugins/com.st.stm32cube.ide.mcu.externaltools.gnu-tools-for-stm32.12.3.rel1.win32_1.0.200.202406191623/tools/bin/../lib/gcc/arm-none-eabi/12.3.1/../../../../arm-none-eabi/lib/thumb/v7e-m+fp/hard\libc_nano.a(libc_a-nano-vfprintf.o)
                0x0800456c                _vfprintf_r
                0x0800456c                _vfiprintf_r
 .text._printf_common
                0x0800479c       0xda C:/ST/STM32CubeIDE_1.16.0/STM32CubeIDE/plugins/com.st.stm32cube.ide.mcu.externaltools.gnu-tools-for-stm32.12.3.rel1.win32_1.0.200.202406191623/tools/bin/../lib/gcc/arm-none-eabi/12.3.1/../../../../arm-none-eabi/lib/thumb/v7e-m+fp/hard\libc_nano.a(libc_a-nano-vfprintf_i.o)
                0x0800479c                _printf_common
 *fill*         0x08004876        0x2 
 .text._printf_i
                0x08004878      0x240 C:/ST/STM32CubeIDE_1.16.0/STM32CubeIDE/plugins/com.st.stm32cube.ide.mcu.externaltools.gnu-tools-for-stm32.12.3.rel1.win32_1.0.200.202406191623/tools/bin/../lib/gcc/arm-none-eabi/12.3.1/../../../../arm-none-eabi/lib/thumb/v7e-m+fp/hard\libc_nano.a(libc_a-nano-vfprintf_i.o)
                0x08004878                _printf_i
 .text.__sflush_r
                0x08004ab8      0x108 C:/ST/STM32CubeIDE_1.16.0/STM32CubeIDE/plugins/com.st.stm32cube.ide.mcu.externaltools.gnu-tools-for-stm32.12.3.rel1.win32_1.0.200.202406191623/tools/bin/../lib/gcc/arm-none-eabi/12.3.1/../../../../arm-none-eabi/lib/thumb/v7e-m+fp/hard\libc_nano.a(libc_a-fflush.o)
                0x08004ab8                __sflush_r
 .text._fflush_r
                0x08004bc0       0x50 C:/ST/STM32CubeIDE_1.16.0/STM32CubeIDE/plugins/com.st.stm32cube.ide.mcu.externaltools.gnu-tools-for-stm32.12.3.rel1.win32_1.0.200.202406191623/tools/bin/../lib/gcc/arm-none-eabi/12.3.1/../../../../arm-none-eabi/lib/thumb/v7e-m+fp/hard\libc_nano.a(libc_a-fflush.o)
                0x08004bc0                _fflush_r
 .text.__swhatbuf_r
                0x08004c10       0x4c C:/ST/STM32CubeIDE_1.16.0/STM32CubeIDE/plugins/com.st.stm32cube.ide.mcu.externaltools.gnu-tools-for-stm32.12.3.rel1.win32_1.0.200.202406191623/tools/bin/../lib/gcc/arm-none-eabi/12.3.1/../../../../arm-none-eabi/lib/thumb/v7e-m+fp/hard\libc_nano.a(libc_a-makebuf.o)
                0x08004c10                __swhatbuf_r
 .text.__smakebuf_r
                0x08004c5c       0x78 C:/ST/STM32CubeIDE_1.16.0/STM32CubeIDE/plugins/com.st.stm32cube.ide.mcu.externaltools.gnu-tools-for-stm32.12.3.rel1.win32_1.0.200.202406191623/tools/bin/../lib/gcc/arm-none-eabi/12.3.1/../../../../arm-none-eabi/lib/thumb/v7e-m+fp/hard\libc_nano.a(libc_a-makebuf.o)
                0x08004c5c                __smakebuf_r
 .text.memmove  0x08004cd4       0x34 C:/ST/STM32CubeIDE_1.16.0/STM32CubeIDE/plugins/com.st.stm32cube.ide.mcu.externaltools.gnu-tools-for-stm32.12.3.rel1.win32_1.0.200.202406191623/tools/bin/../lib/gcc/arm-none-eabi/12.3.1/../../../../arm-none-eabi/lib/thumb/v7e-m+fp/hard\libc_nano.a(libc_a-memmove.o)
                0x08004cd4                memmove
 .text._fstat_r
                0x08004d08       0x24 C:/ST/STM32CubeIDE_1.16.0/STM32CubeIDE/plugins/com.st.stm32cube.ide.mcu.externaltools.gnu-tools-for-stm32.12.3.rel1.win32_1.0.200.202406191623/tools/bin/../lib/gcc/arm-none-eabi/12.3.1/../../../../arm-none-eabi/lib/thumb/v7e-m+fp/hard\libc_nano.a(libc_a-fstatr.o)
                0x08004d08                _fstat_r
 .text._isatty_r
                0x08004d2c       0x20 C:/ST/STM32CubeIDE_1.16.0/STM32CubeIDE/plugins/com.st.stm32cube.ide.mcu.externaltools.gnu-tools-for-stm32.12.3.rel1.win32_1.0.200.202406191623/tools/bin/../lib/gcc/arm-none-eabi/12.3.1/../../../../arm-none-eabi/lib/thumb/v7e-m+fp/hard\libc_nano.a(libc_a-isattyr.o)
                0x08004d2c                _isatty_r
 .text._realloc_r
                0x08004d4c       0x5c C:/ST/STM32CubeIDE_1.16.0/STM32CubeIDE/plugins/com.st.stm32cube.ide.mcu.externaltools.gnu-tools-for-stm32.12.3.rel1.win32_1.0.200.202406191623/tools/bin/../lib/gcc/arm-none-eabi/12.3.1/../../../../arm-none-eabi/lib/thumb/v7e-m+fp/hard\libc_nano.a(libc_a-reallocr.o)
                0x08004d4c                _realloc_r
 .text._malloc_usable_size_r
                0x08004da8       0x10 C:/ST/STM32CubeIDE_1.16.0/STM32CubeIDE/plugins/com.st.stm32cube.ide.mcu.externaltools.gnu-tools-for-stm32.12.3.rel1.win32_1.0.200.202406191623/tools/bin/../lib/gcc/arm-none-eabi/12.3.1/../../../../arm-none-eabi/lib/thumb/v7e-m+fp/hard\libc_nano.a(libc_a-msizer.o)
                0x08004da8                _malloc_usable_size_r
 *(.glue_7)
 .glue_7        0x08004db8        0x0 linker stubs
 *(.glue_7t)
 .glue_7t       0x08004db8        0x0 linker stubs
 *(.eh_frame)
 .eh_frame      0x08004db8        0x0 C:/ST/STM32CubeIDE_1.16.0/STM32CubeIDE/plugins/com.st.stm32cube.ide.mcu.externaltools.gnu-tools-for-stm32.12.3.rel1.win32_1.0.200.202406191623/tools/bin/../lib/gcc/arm-none-eabi/12.3.1/thumb/v7e-m+fp/hard/crtbegin.o
 *(.init)
 .init          0x08004db8        0x4 C:/ST/STM32CubeIDE_1.16.0/STM32CubeIDE/plugins/com.st.stm32cube.ide.mcu.externaltools.gnu-tools-for-stm32.12.3.rel1.win32_1.0.200.202406191623/tools/bin/../lib/gcc/arm-none-eabi/12.3.1/thumb/v7e-m+fp/hard/crti.o
                0x08004db8                _init
 .init          0x08004dbc        0x8 C:/ST/STM32CubeIDE_1.16.0/STM32CubeIDE/plugins/com.st.stm32cube.ide.mcu.externaltools.gnu-tools-for-stm32.12.3.rel1.win32_1.0.200.202406191623/tools/bin/../lib/gcc/arm-none-eabi/12.3.1/thumb/v7e-m+fp/hard/crtn.o
 *(.fini)
 .fini          0x08004dc4        0x4 C:/ST/STM32CubeIDE_1.16.0/STM32CubeIDE/plugins/com.st.stm32cube.ide.mcu.externaltools.gnu-tools-for-stm32.12.3.rel1.win32_1.0.200.202406191623/tools/bin/../lib/gcc/arm-none-eabi/12.3.1/thumb/v7e-m+fp/hard/crti.o
                0x08004dc4                _fini
 .fini          0x08004dc8        0x8 C:/ST/STM32CubeIDE_1.16.0/STM32CubeIDE/plugins/com.st.stm32cube.ide.mcu.externaltools.gnu-tools-for-stm32.12.3.rel1.win32_1.0.200.202406191623/tools/bin/../lib/gcc/arm-none-eabi/12.3.1/thumb/v7e-m+fp/hard/crtn.o
                0x08004dd0                        . = ALIGN (0x4)
                0x08004dd0                        _etext = .

.vfp11_veneer   0x08004dd0        0x0
 .vfp11_veneer  0x08004dd0        0x0 linker stubs

.v4_bx          0x08004dd0        0x0
 .v4_bx         0x08004dd0        0x0 linker stubs

.iplt           0x08004dd0        0x0
 .iplt          0x08004dd0        0x0 C:/ST/STM32CubeIDE_1.16.0/STM32CubeIDE/plugins/com.st.stm32cube.ide.mcu.externaltools.gnu-tools-for-stm32.12.3.rel1.win32_1.0.200.202406191623/tools/bin/../lib/gcc/arm-none-eabi/12.3.1/thumb/v7e-m+fp/hard/crtbegin.o

.rodata         0x08004dd0     0x1dfc
                0x08004dd0                        . = ALIGN (0x4)
 *(.rodata)
 .rodata        0x08004dd0        0xa ./Core/Src/main.o
 *fill*         0x08004dda        0x2 
 .rodata        0x08004ddc      0x2f2 ./libs/GUI_Paint.o
 *(.rodata*)
 *fill*         0x080050ce        0x2 
 .rodata.AHBPrescTable
                0x080050d0       0x10 ./Core/Src/system_stm32g4xx.o
                0x080050d0                AHBPrescTable
 .rodata.Font24_Table
                0x080050e0     0x1ab8 ./libs/font24.o
                0x080050e0                Font24_Table
 .rodata._svfprintf_r.str1.1
                0x08006b98       0x11 C:/ST/STM32CubeIDE_1.16.0/STM32CubeIDE/plugins/com.st.stm32cube.ide.mcu.externaltools.gnu-tools-for-stm32.12.3.rel1.win32_1.0.200.202406191623/tools/bin/../lib/gcc/arm-none-eabi/12.3.1/../../../../arm-none-eabi/lib/thumb/v7e-m+fp/hard\libc_nano.a(libc_a-nano-svfprintf.o)
 .rodata._vfprintf_r.str1.1
                0x08006ba9       0x11 C:/ST/STM32CubeIDE_1.16.0/STM32CubeIDE/plugins/com.st.stm32cube.ide.mcu.externaltools.gnu-tools-for-stm32.12.3.rel1.win32_1.0.200.202406191623/tools/bin/../lib/gcc/arm-none-eabi/12.3.1/../../../../arm-none-eabi/lib/thumb/v7e-m+fp/hard\libc_nano.a(libc_a-nano-vfprintf.o)
 .rodata._printf_i.str1.1
                0x08006ba9       0x22 C:/ST/STM32CubeIDE_1.16.0/STM32CubeIDE/plugins/com.st.stm32cube.ide.mcu.externaltools.gnu-tools-for-stm32.12.3.rel1.win32_1.0.200.202406191623/tools/bin/../lib/gcc/arm-none-eabi/12.3.1/../../../../arm-none-eabi/lib/thumb/v7e-m+fp/hard\libc_nano.a(libc_a-nano-vfprintf_i.o)
                0x08006bcc                        . = ALIGN (0x4)
 *fill*         0x08006bcb        0x1 

.ARM.extab      0x08006bcc        0x0
                0x08006bcc                        . = ALIGN (0x4)
 *(.ARM.extab* .gnu.linkonce.armextab.*)
                0x08006bcc                        . = ALIGN (0x4)

.ARM            0x08006bcc        0x8
                0x08006bcc                        . = ALIGN (0x4)
                0x08006bcc                        __exidx_start = .
 *(.ARM.exidx*)
 .ARM.exidx     0x08006bcc        0x8 C:/ST/STM32CubeIDE_1.16.0/STM32CubeIDE/plugins/com.st.stm32cube.ide.mcu.externaltools.gnu-tools-for-stm32.12.3.rel1.win32_1.0.200.202406191623/tools/bin/../lib/gcc/arm-none-eabi/12.3.1/../../../../arm-none-eabi/lib/thumb/v7e-m+fp/hard\libc_nano.a(libc_a-memchr.o)
                0x08006bd4                        __exidx_end = .
                0x08006bd4                        . = ALIGN (0x4)

.preinit_array  0x08006bd4        0x0
                0x08006bd4                        . = ALIGN (0x4)
                0x08006bd4                        PROVIDE (__preinit_array_start = .)
 *(.preinit_array*)
                0x08006bd4                        PROVIDE (__preinit_array_end = .)
                0x08006bd4                        . = ALIGN (0x4)

.init_array     0x08006bd4        0x4
                0x08006bd4                        . = ALIGN (0x4)
                0x08006bd4                        PROVIDE (__init_array_start = .)
 *(SORT_BY_NAME(.init_array.*))
 *(.init_array*)
 .init_array    0x08006bd4        0x4 C:/ST/STM32CubeIDE_1.16.0/STM32CubeIDE/plugins/com.st.stm32cube.ide.mcu.externaltools.gnu-tools-for-stm32.12.3.rel1.win32_1.0.200.202406191623/tools/bin/../lib/gcc/arm-none-eabi/12.3.1/thumb/v7e-m+fp/hard/crtbegin.o
                0x08006bd8                        PROVIDE (__init_array_end = .)
                0x08006bd8                        . = ALIGN (0x4)

.fini_array     0x08006bd8        0x4
                0x08006bd8                        . = ALIGN (0x4)
                [!provide]                        PROVIDE (__fini_array_start = .)
 *(SORT_BY_NAME(.fini_array.*))
 *(.fini_array*)
 .fini_array    0x08006bd8        0x4 C:/ST/STM32CubeIDE_1.16.0/STM32CubeIDE/plugins/com.st.stm32cube.ide.mcu.externaltools.gnu-tools-for-stm32.12.3.rel1.win32_1.0.200.202406191623/tools/bin/../lib/gcc/arm-none-eabi/12.3.1/thumb/v7e-m+fp/hard/crtbegin.o
                [!provide]                        PROVIDE (__fini_array_end = .)
                0x08006bdc                        . = ALIGN (0x4)
                0x08006bdc                        _sidata = LOADADDR (.data)

.rel.dyn        0x08006bdc        0x0
 .rel.iplt      0x08006bdc        0x0 C:/ST/STM32CubeIDE_1.16.0/STM32CubeIDE/plugins/com.st.stm32cube.ide.mcu.externaltools.gnu-tools-for-stm32.12.3.rel1.win32_1.0.200.202406191623/tools/bin/../lib/gcc/arm-none-eabi/12.3.1/thumb/v7e-m+fp/hard/crtbegin.o

.data           0x20000000       0x70 load address 0x08006bdc
                0x20000000                        . = ALIGN (0x4)
                0x20000000                        _sdata = .
 *(.data)
 *(.data*)
 .data.SystemCoreClock
                0x20000000        0x4 ./Core/Src/system_stm32g4xx.o
                0x20000000                SystemCoreClock
 .data.uwTickPrio
                0x20000004        0x4 ./Drivers/STM32G4xx_HAL_Driver/Src/stm32g4xx_hal.o
                0x20000004                uwTickPrio
 .data.uwTickFreq
                0x20000008        0x4 ./Drivers/STM32G4xx_HAL_Driver/Src/stm32g4xx_hal.o
                0x20000008                uwTickFreq
 .data.Font24   0x2000000c        0x8 ./libs/font24.o
                0x2000000c                Font24
 .data.__sglue  0x20000014        0xc C:/ST/STM32CubeIDE_1.16.0/STM32CubeIDE/plugins/com.st.stm32cube.ide.mcu.externaltools.gnu-tools-for-stm32.12.3.rel1.win32_1.0.200.202406191623/tools/bin/../lib/gcc/arm-none-eabi/12.3.1/../../../../arm-none-eabi/lib/thumb/v7e-m+fp/hard\libc_nano.a(libc_a-findfp.o)
                0x20000014                __sglue
 .data._impure_ptr
                0x20000020        0x4 C:/ST/STM32CubeIDE_1.16.0/STM32CubeIDE/plugins/com.st.stm32cube.ide.mcu.externaltools.gnu-tools-for-stm32.12.3.rel1.win32_1.0.200.202406191623/tools/bin/../lib/gcc/arm-none-eabi/12.3.1/../../../../arm-none-eabi/lib/thumb/v7e-m+fp/hard\libc_nano.a(libc_a-impure.o)
                0x20000020                _impure_ptr
 .data._impure_data
                0x20000024       0x4c C:/ST/STM32CubeIDE_1.16.0/STM32CubeIDE/plugins/com.st.stm32cube.ide.mcu.externaltools.gnu-tools-for-stm32.12.3.rel1.win32_1.0.200.202406191623/tools/bin/../lib/gcc/arm-none-eabi/12.3.1/../../../../arm-none-eabi/lib/thumb/v7e-m+fp/hard\libc_nano.a(libc_a-impure.o)
                0x20000024                _impure_data
 *(.RamFunc)
 *(.RamFunc*)
                0x20000070                        . = ALIGN (0x4)
                0x20000070                        _edata = .

.igot.plt       0x20000070        0x0 load address 0x08006c4c
 .igot.plt      0x20000070        0x0 C:/ST/STM32CubeIDE_1.16.0/STM32CubeIDE/plugins/com.st.stm32cube.ide.mcu.externaltools.gnu-tools-for-stm32.12.3.rel1.win32_1.0.200.202406191623/tools/bin/../lib/gcc/arm-none-eabi/12.3.1/thumb/v7e-m+fp/hard/crtbegin.o
                0x20000070                        . = ALIGN (0x4)

.bss            0x20000070      0x240 load address 0x08006c4c
                0x20000070                        _sbss = .
                0x20000070                        __bss_start__ = _sbss
 *(.bss)
 .bss           0x20000070       0x1c C:/ST/STM32CubeIDE_1.16.0/STM32CubeIDE/plugins/com.st.stm32cube.ide.mcu.externaltools.gnu-tools-for-stm32.12.3.rel1.win32_1.0.200.202406191623/tools/bin/../lib/gcc/arm-none-eabi/12.3.1/thumb/v7e-m+fp/hard/crtbegin.o
 *(.bss*)
 .bss.hspi1     0x2000008c       0x64 ./Core/Src/spi.o
                0x2000008c                hspi1
 .bss.__sbrk_heap_end
                0x200000f0        0x4 ./Core/Src/sysmem.o
 .bss.htim3     0x200000f4       0x4c ./Core/Src/tim.o
                0x200000f4                htim3
 .bss.uwTick    0x20000140        0x4 ./Drivers/STM32G4xx_HAL_Driver/Src/stm32g4xx_hal.o
                0x20000140                uwTick
 .bss.Paint     0x20000144       0x18 ./libs/GUI_Paint.o
                0x20000144                Paint
 .bss.DISPLAY   0x2000015c        0x4 ./libs/GUI_Paint.o
                0x2000015c                DISPLAY
 .bss.CLEAR     0x20000160        0x4 ./libs/GUI_Paint.o
                0x20000160                CLEAR
 .bss.__malloc_sbrk_start
                0x20000164        0x4 C:/ST/STM32CubeIDE_1.16.0/STM32CubeIDE/plugins/com.st.stm32cube.ide.mcu.externaltools.gnu-tools-for-stm32.12.3.rel1.win32_1.0.200.202406191623/tools/bin/../lib/gcc/arm-none-eabi/12.3.1/../../../../arm-none-eabi/lib/thumb/v7e-m+fp/hard\libc_nano.a(libc_a-mallocr.o)
                0x20000164                __malloc_sbrk_start
 .bss.__malloc_free_list
                0x20000168        0x4 C:/ST/STM32CubeIDE_1.16.0/STM32CubeIDE/plugins/com.st.stm32cube.ide.mcu.externaltools.gnu-tools-for-stm32.12.3.rel1.win32_1.0.200.202406191623/tools/bin/../lib/gcc/arm-none-eabi/12.3.1/../../../../arm-none-eabi/lib/thumb/v7e-m+fp/hard\libc_nano.a(libc_a-mallocr.o)
                0x20000168                __malloc_free_list
 .bss.__sf      0x2000016c      0x138 C:/ST/STM32CubeIDE_1.16.0/STM32CubeIDE/plugins/com.st.stm32cube.ide.mcu.externaltools.gnu-tools-for-stm32.12.3.rel1.win32_1.0.200.202406191623/tools/bin/../lib/gcc/arm-none-eabi/12.3.1/../../../../arm-none-eabi/lib/thumb/v7e-m+fp/hard\libc_nano.a(libc_a-findfp.o)
                0x2000016c                __sf
 .bss.__stdio_exit_handler
                0x200002a4        0x4 C:/ST/STM32CubeIDE_1.16.0/STM32CubeIDE/plugins/com.st.stm32cube.ide.mcu.externaltools.gnu-tools-for-stm32.12.3.rel1.win32_1.0.200.202406191623/tools/bin/../lib/gcc/arm-none-eabi/12.3.1/../../../../arm-none-eabi/lib/thumb/v7e-m+fp/hard\libc_nano.a(libc_a-findfp.o)
                0x200002a4                __stdio_exit_handler
 .bss.errno     0x200002a8        0x4 C:/ST/STM32CubeIDE_1.16.0/STM32CubeIDE/plugins/com.st.stm32cube.ide.mcu.externaltools.gnu-tools-for-stm32.12.3.rel1.win32_1.0.200.202406191623/tools/bin/../lib/gcc/arm-none-eabi/12.3.1/../../../../arm-none-eabi/lib/thumb/v7e-m+fp/hard\libc_nano.a(libc_a-reent.o)
                0x200002a8                errno
 .bss.__lock___malloc_recursive_mutex
                0x200002ac        0x1 C:/ST/STM32CubeIDE_1.16.0/STM32CubeIDE/plugins/com.st.stm32cube.ide.mcu.externaltools.gnu-tools-for-stm32.12.3.rel1.win32_1.0.200.202406191623/tools/bin/../lib/gcc/arm-none-eabi/12.3.1/../../../../arm-none-eabi/lib/thumb/v7e-m+fp/hard\libc_nano.a(libc_a-lock.o)
                0x200002ac                __lock___malloc_recursive_mutex
 .bss.__lock___sfp_recursive_mutex
                0x200002ad        0x1 C:/ST/STM32CubeIDE_1.16.0/STM32CubeIDE/plugins/com.st.stm32cube.ide.mcu.externaltools.gnu-tools-for-stm32.12.3.rel1.win32_1.0.200.202406191623/tools/bin/../lib/gcc/arm-none-eabi/12.3.1/../../../../arm-none-eabi/lib/thumb/v7e-m+fp/hard\libc_nano.a(libc_a-lock.o)
                0x200002ad                __lock___sfp_recursive_mutex
 *(COMMON)
                0x200002b0                        . = ALIGN (0x4)
 *fill*         0x200002ae        0x2 
                0x200002b0                        _ebss = .
                0x200002b0                        __bss_end__ = _ebss

._user_heap_stack
                0x200002b0      0x600 load address 0x08006c4c
                0x200002b0                        . = ALIGN (0x8)
                [!provide]                        PROVIDE (end = .)
                0x200002b0                        PROVIDE (_end = .)
                0x200004b0                        . = (. + _Min_Heap_Size)
 *fill*         0x200002b0      0x200 
                0x200008b0                        . = (. + _Min_Stack_Size)
 *fill*         0x200004b0      0x400 
                0x200008b0                        . = ALIGN (0x8)

/DISCARD/
 libc.a(*)
 libm.a(*)
 libgcc.a(*)

.ARM.attributes
                0x00000000       0x30
 *(.ARM.attributes)
 .ARM.attributes
                0x00000000       0x22 C:/ST/STM32CubeIDE_1.16.0/STM32CubeIDE/plugins/com.st.stm32cube.ide.mcu.externaltools.gnu-tools-for-stm32.12.3.rel1.win32_1.0.200.202406191623/tools/bin/../lib/gcc/arm-none-eabi/12.3.1/thumb/v7e-m+fp/hard/crti.o
 .ARM.attributes
                0x00000022       0x34 C:/ST/STM32CubeIDE_1.16.0/STM32CubeIDE/plugins/com.st.stm32cube.ide.mcu.externaltools.gnu-tools-for-stm32.12.3.rel1.win32_1.0.200.202406191623/tools/bin/../lib/gcc/arm-none-eabi/12.3.1/thumb/v7e-m+fp/hard/crtbegin.o
 .ARM.attributes
                0x00000056       0x34 ./Core/Src/gpio.o
 .ARM.attributes
                0x0000008a       0x34 ./Core/Src/main.o
 .ARM.attributes
                0x000000be       0x34 ./Core/Src/spi.o
 .ARM.attributes
                0x000000f2       0x34 ./Core/Src/stm32g4xx_hal_msp.o
 .ARM.attributes
                0x00000126       0x34 ./Core/Src/stm32g4xx_it.o
 .ARM.attributes
                0x0000015a       0x34 ./Core/Src/syscalls.o
 .ARM.attributes
                0x0000018e       0x34 ./Core/Src/sysmem.o
 .ARM.attributes
                0x000001c2       0x34 ./Core/Src/system_stm32g4xx.o
 .ARM.attributes
                0x000001f6       0x34 ./Core/Src/tim.o
 .ARM.attributes
                0x0000022a       0x21 ./Core/Startup/startup_stm32g491retx.o
 .ARM.attributes
                0x0000024b       0x34 ./Drivers/STM32G4xx_HAL_Driver/Src/stm32g4xx_hal.o
 .ARM.attributes
                0x0000027f       0x34 ./Drivers/STM32G4xx_HAL_Driver/Src/stm32g4xx_hal_cortex.o
 .ARM.attributes
                0x000002b3       0x34 ./Drivers/STM32G4xx_HAL_Driver/Src/stm32g4xx_hal_gpio.o
 .ARM.attributes
                0x000002e7       0x34 ./Drivers/STM32G4xx_HAL_Driver/Src/stm32g4xx_hal_pwr_ex.o
 .ARM.attributes
                0x0000031b       0x34 ./Drivers/STM32G4xx_HAL_Driver/Src/stm32g4xx_hal_rcc.o
 .ARM.attributes
                0x0000034f       0x34 ./Drivers/STM32G4xx_HAL_Driver/Src/stm32g4xx_hal_spi.o
 .ARM.attributes
                0x00000383       0x34 ./Drivers/STM32G4xx_HAL_Driver/Src/stm32g4xx_hal_tim.o
 .ARM.attributes
                0x000003b7       0x34 ./Drivers/STM32G4xx_HAL_Driver/Src/stm32g4xx_hal_tim_ex.o
 .ARM.attributes
                0x000003eb       0x34 ./libs/DEV_Config.o
 .ARM.attributes
                0x0000041f       0x34 ./libs/GUI_Paint.o
 .ARM.attributes
                0x00000453       0x34 ./libs/LCD_2inch4.o
 .ARM.attributes
                0x00000487       0x34 ./libs/font24.o
 .ARM.attributes
                0x000004bb       0x34 C:/ST/STM32CubeIDE_1.16.0/STM32CubeIDE/plugins/com.st.stm32cube.ide.mcu.externaltools.gnu-tools-for-stm32.12.3.rel1.win32_1.0.200.202406191623/tools/bin/../lib/gcc/arm-none-eabi/12.3.1/../../../../arm-none-eabi/lib/thumb/v7e-m+fp/hard\libc_nano.a(libc_a-mallocr.o)
 .ARM.attributes
                0x000004ef       0x34 C:/ST/STM32CubeIDE_1.16.0/STM32CubeIDE/plugins/com.st.stm32cube.ide.mcu.externaltools.gnu-tools-for-stm32.12.3.rel1.win32_1.0.200.202406191623/tools/bin/../lib/gcc/arm-none-eabi/12.3.1/../../../../arm-none-eabi/lib/thumb/v7e-m+fp/hard\libc_nano.a(libc_a-mlock.o)
 .ARM.attributes
                0x00000523       0x34 C:/ST/STM32CubeIDE_1.16.0/STM32CubeIDE/plugins/com.st.stm32cube.ide.mcu.externaltools.gnu-tools-for-stm32.12.3.rel1.win32_1.0.200.202406191623/tools/bin/../lib/gcc/arm-none-eabi/12.3.1/../../../../arm-none-eabi/lib/thumb/v7e-m+fp/hard\libc_nano.a(libc_a-findfp.o)
 .ARM.attributes
                0x00000557       0x34 C:/ST/STM32CubeIDE_1.16.0/STM32CubeIDE/plugins/com.st.stm32cube.ide.mcu.externaltools.gnu-tools-for-stm32.12.3.rel1.win32_1.0.200.202406191623/tools/bin/../lib/gcc/arm-none-eabi/12.3.1/../../../../arm-none-eabi/lib/thumb/v7e-m+fp/hard\libc_nano.a(libc_a-fwalk.o)
 .ARM.attributes
                0x0000058b       0x34 C:/ST/STM32CubeIDE_1.16.0/STM32CubeIDE/plugins/com.st.stm32cube.ide.mcu.externaltools.gnu-tools-for-stm32.12.3.rel1.win32_1.0.200.202406191623/tools/bin/../lib/gcc/arm-none-eabi/12.3.1/../../../../arm-none-eabi/lib/thumb/v7e-m+fp/hard\libc_nano.a(libc_a-printf.o)
 .ARM.attributes
                0x000005bf       0x34 C:/ST/STM32CubeIDE_1.16.0/STM32CubeIDE/plugins/com.st.stm32cube.ide.mcu.externaltools.gnu-tools-for-stm32.12.3.rel1.win32_1.0.200.202406191623/tools/bin/../lib/gcc/arm-none-eabi/12.3.1/../../../../arm-none-eabi/lib/thumb/v7e-m+fp/hard\libc_nano.a(libc_a-puts.o)
 .ARM.attributes
                0x000005f3       0x34 C:/ST/STM32CubeIDE_1.16.0/STM32CubeIDE/plugins/com.st.stm32cube.ide.mcu.externaltools.gnu-tools-for-stm32.12.3.rel1.win32_1.0.200.202406191623/tools/bin/../lib/gcc/arm-none-eabi/12.3.1/../../../../arm-none-eabi/lib/thumb/v7e-m+fp/hard\libc_nano.a(libc_a-sprintf.o)
 .ARM.attributes
                0x00000627       0x34 C:/ST/STM32CubeIDE_1.16.0/STM32CubeIDE/plugins/com.st.stm32cube.ide.mcu.externaltools.gnu-tools-for-stm32.12.3.rel1.win32_1.0.200.202406191623/tools/bin/../lib/gcc/arm-none-eabi/12.3.1/../../../../arm-none-eabi/lib/thumb/v7e-m+fp/hard\libc_nano.a(libc_a-stdio.o)
 .ARM.attributes
                0x0000065b       0x34 C:/ST/STM32CubeIDE_1.16.0/STM32CubeIDE/plugins/com.st.stm32cube.ide.mcu.externaltools.gnu-tools-for-stm32.12.3.rel1.win32_1.0.200.202406191623/tools/bin/../lib/gcc/arm-none-eabi/12.3.1/../../../../arm-none-eabi/lib/thumb/v7e-m+fp/hard\libc_nano.a(libc_a-wbuf.o)
 .ARM.attributes
                0x0000068f       0x34 C:/ST/STM32CubeIDE_1.16.0/STM32CubeIDE/plugins/com.st.stm32cube.ide.mcu.externaltools.gnu-tools-for-stm32.12.3.rel1.win32_1.0.200.202406191623/tools/bin/../lib/gcc/arm-none-eabi/12.3.1/../../../../arm-none-eabi/lib/thumb/v7e-m+fp/hard\libc_nano.a(libc_a-wsetup.o)
 .ARM.attributes
                0x000006c3       0x34 C:/ST/STM32CubeIDE_1.16.0/STM32CubeIDE/plugins/com.st.stm32cube.ide.mcu.externaltools.gnu-tools-for-stm32.12.3.rel1.win32_1.0.200.202406191623/tools/bin/../lib/gcc/arm-none-eabi/12.3.1/../../../../arm-none-eabi/lib/thumb/v7e-m+fp/hard\libc_nano.a(libc_a-memset.o)
 .ARM.attributes
                0x000006f7       0x34 C:/ST/STM32CubeIDE_1.16.0/STM32CubeIDE/plugins/com.st.stm32cube.ide.mcu.externaltools.gnu-tools-for-stm32.12.3.rel1.win32_1.0.200.202406191623/tools/bin/../lib/gcc/arm-none-eabi/12.3.1/../../../../arm-none-eabi/lib/thumb/v7e-m+fp/hard\libc_nano.a(libc_a-closer.o)
 .ARM.attributes
                0x0000072b       0x34 C:/ST/STM32CubeIDE_1.16.0/STM32CubeIDE/plugins/com.st.stm32cube.ide.mcu.externaltools.gnu-tools-for-stm32.12.3.rel1.win32_1.0.200.202406191623/tools/bin/../lib/gcc/arm-none-eabi/12.3.1/../../../../arm-none-eabi/lib/thumb/v7e-m+fp/hard\libc_nano.a(libc_a-reent.o)
 .ARM.attributes
                0x0000075f       0x34 C:/ST/STM32CubeIDE_1.16.0/STM32CubeIDE/plugins/com.st.stm32cube.ide.mcu.externaltools.gnu-tools-for-stm32.12.3.rel1.win32_1.0.200.202406191623/tools/bin/../lib/gcc/arm-none-eabi/12.3.1/../../../../arm-none-eabi/lib/thumb/v7e-m+fp/hard\libc_nano.a(libc_a-impure.o)
 .ARM.attributes
                0x00000793       0x34 C:/ST/STM32CubeIDE_1.16.0/STM32CubeIDE/plugins/com.st.stm32cube.ide.mcu.externaltools.gnu-tools-for-stm32.12.3.rel1.win32_1.0.200.202406191623/tools/bin/../lib/gcc/arm-none-eabi/12.3.1/../../../../arm-none-eabi/lib/thumb/v7e-m+fp/hard\libc_nano.a(libc_a-lseekr.o)
 .ARM.attributes
                0x000007c7       0x34 C:/ST/STM32CubeIDE_1.16.0/STM32CubeIDE/plugins/com.st.stm32cube.ide.mcu.externaltools.gnu-tools-for-stm32.12.3.rel1.win32_1.0.200.202406191623/tools/bin/../lib/gcc/arm-none-eabi/12.3.1/../../../../arm-none-eabi/lib/thumb/v7e-m+fp/hard\libc_nano.a(libc_a-readr.o)
 .ARM.attributes
                0x000007fb       0x34 C:/ST/STM32CubeIDE_1.16.0/STM32CubeIDE/plugins/com.st.stm32cube.ide.mcu.externaltools.gnu-tools-for-stm32.12.3.rel1.win32_1.0.200.202406191623/tools/bin/../lib/gcc/arm-none-eabi/12.3.1/../../../../arm-none-eabi/lib/thumb/v7e-m+fp/hard\libc_nano.a(libc_a-sbrkr.o)
 .ARM.attributes
                0x0000082f       0x34 C:/ST/STM32CubeIDE_1.16.0/STM32CubeIDE/plugins/com.st.stm32cube.ide.mcu.externaltools.gnu-tools-for-stm32.12.3.rel1.win32_1.0.200.202406191623/tools/bin/../lib/gcc/arm-none-eabi/12.3.1/../../../../arm-none-eabi/lib/thumb/v7e-m+fp/hard\libc_nano.a(libc_a-writer.o)
 .ARM.attributes
                0x00000863       0x34 C:/ST/STM32CubeIDE_1.16.0/STM32CubeIDE/plugins/com.st.stm32cube.ide.mcu.externaltools.gnu-tools-for-stm32.12.3.rel1.win32_1.0.200.202406191623/tools/bin/../lib/gcc/arm-none-eabi/12.3.1/../../../../arm-none-eabi/lib/thumb/v7e-m+fp/hard\libc_nano.a(libc_a-errno.o)
 .ARM.attributes
                0x00000897       0x34 C:/ST/STM32CubeIDE_1.16.0/STM32CubeIDE/plugins/com.st.stm32cube.ide.mcu.externaltools.gnu-tools-for-stm32.12.3.rel1.win32_1.0.200.202406191623/tools/bin/../lib/gcc/arm-none-eabi/12.3.1/../../../../arm-none-eabi/lib/thumb/v7e-m+fp/hard\libc_nano.a(libc_a-init.o)
 .ARM.attributes
                0x000008cb       0x34 C:/ST/STM32CubeIDE_1.16.0/STM32CubeIDE/plugins/com.st.stm32cube.ide.mcu.externaltools.gnu-tools-for-stm32.12.3.rel1.win32_1.0.200.202406191623/tools/bin/../lib/gcc/arm-none-eabi/12.3.1/../../../../arm-none-eabi/lib/thumb/v7e-m+fp/hard\libc_nano.a(libc_a-lock.o)
 .ARM.attributes
                0x000008ff       0x34 C:/ST/STM32CubeIDE_1.16.0/STM32CubeIDE/plugins/com.st.stm32cube.ide.mcu.externaltools.gnu-tools-for-stm32.12.3.rel1.win32_1.0.200.202406191623/tools/bin/../lib/gcc/arm-none-eabi/12.3.1/../../../../arm-none-eabi/lib/thumb/v7e-m+fp/hard\libc_nano.a(libc_a-memcpy-stub.o)
 .ARM.attributes
                0x00000933       0x34 C:/ST/STM32CubeIDE_1.16.0/STM32CubeIDE/plugins/com.st.stm32cube.ide.mcu.externaltools.gnu-tools-for-stm32.12.3.rel1.win32_1.0.200.202406191623/tools/bin/../lib/gcc/arm-none-eabi/12.3.1/../../../../arm-none-eabi/lib/thumb/v7e-m+fp/hard\libc_nano.a(libc_a-freer.o)
 .ARM.attributes
                0x00000967       0x34 C:/ST/STM32CubeIDE_1.16.0/STM32CubeIDE/plugins/com.st.stm32cube.ide.mcu.externaltools.gnu-tools-for-stm32.12.3.rel1.win32_1.0.200.202406191623/tools/bin/../lib/gcc/arm-none-eabi/12.3.1/../../../../arm-none-eabi/lib/thumb/v7e-m+fp/hard\libc_nano.a(libc_a-nano-svfprintf.o)
 .ARM.attributes
                0x0000099b       0x34 C:/ST/STM32CubeIDE_1.16.0/STM32CubeIDE/plugins/com.st.stm32cube.ide.mcu.externaltools.gnu-tools-for-stm32.12.3.rel1.win32_1.0.200.202406191623/tools/bin/../lib/gcc/arm-none-eabi/12.3.1/../../../../arm-none-eabi/lib/thumb/v7e-m+fp/hard\libc_nano.a(libc_a-nano-vfprintf.o)
 .ARM.attributes
                0x000009cf       0x34 C:/ST/STM32CubeIDE_1.16.0/STM32CubeIDE/plugins/com.st.stm32cube.ide.mcu.externaltools.gnu-tools-for-stm32.12.3.rel1.win32_1.0.200.202406191623/tools/bin/../lib/gcc/arm-none-eabi/12.3.1/../../../../arm-none-eabi/lib/thumb/v7e-m+fp/hard\libc_nano.a(libc_a-nano-vfprintf_i.o)
 .ARM.attributes
                0x00000a03       0x34 C:/ST/STM32CubeIDE_1.16.0/STM32CubeIDE/plugins/com.st.stm32cube.ide.mcu.externaltools.gnu-tools-for-stm32.12.3.rel1.win32_1.0.200.202406191623/tools/bin/../lib/gcc/arm-none-eabi/12.3.1/../../../../arm-none-eabi/lib/thumb/v7e-m+fp/hard\libc_nano.a(libc_a-fflush.o)
 .ARM.attributes
                0x00000a37       0x34 C:/ST/STM32CubeIDE_1.16.0/STM32CubeIDE/plugins/com.st.stm32cube.ide.mcu.externaltools.gnu-tools-for-stm32.12.3.rel1.win32_1.0.200.202406191623/tools/bin/../lib/gcc/arm-none-eabi/12.3.1/../../../../arm-none-eabi/lib/thumb/v7e-m+fp/hard\libc_nano.a(libc_a-makebuf.o)
 .ARM.attributes
                0x00000a6b       0x34 C:/ST/STM32CubeIDE_1.16.0/STM32CubeIDE/plugins/com.st.stm32cube.ide.mcu.externaltools.gnu-tools-for-stm32.12.3.rel1.win32_1.0.200.202406191623/tools/bin/../lib/gcc/arm-none-eabi/12.3.1/../../../../arm-none-eabi/lib/thumb/v7e-m+fp/hard\libc_nano.a(libc_a-memmove.o)
 .ARM.attributes
                0x00000a9f       0x34 C:/ST/STM32CubeIDE_1.16.0/STM32CubeIDE/plugins/com.st.stm32cube.ide.mcu.externaltools.gnu-tools-for-stm32.12.3.rel1.win32_1.0.200.202406191623/tools/bin/../lib/gcc/arm-none-eabi/12.3.1/../../../../arm-none-eabi/lib/thumb/v7e-m+fp/hard\libc_nano.a(libc_a-fstatr.o)
 .ARM.attributes
                0x00000ad3       0x34 C:/ST/STM32CubeIDE_1.16.0/STM32CubeIDE/plugins/com.st.stm32cube.ide.mcu.externaltools.gnu-tools-for-stm32.12.3.rel1.win32_1.0.200.202406191623/tools/bin/../lib/gcc/arm-none-eabi/12.3.1/../../../../arm-none-eabi/lib/thumb/v7e-m+fp/hard\libc_nano.a(libc_a-isattyr.o)
 .ARM.attributes
                0x00000b07       0x1c C:/ST/STM32CubeIDE_1.16.0/STM32CubeIDE/plugins/com.st.stm32cube.ide.mcu.externaltools.gnu-tools-for-stm32.12.3.rel1.win32_1.0.200.202406191623/tools/bin/../lib/gcc/arm-none-eabi/12.3.1/../../../../arm-none-eabi/lib/thumb/v7e-m+fp/hard\libc_nano.a(libc_a-memchr.o)
 .ARM.attributes
                0x00000b23       0x34 C:/ST/STM32CubeIDE_1.16.0/STM32CubeIDE/plugins/com.st.stm32cube.ide.mcu.externaltools.gnu-tools-for-stm32.12.3.rel1.win32_1.0.200.202406191623/tools/bin/../lib/gcc/arm-none-eabi/12.3.1/../../../../arm-none-eabi/lib/thumb/v7e-m+fp/hard\libc_nano.a(libc_a-reallocr.o)
 .ARM.attributes
                0x00000b57       0x34 C:/ST/STM32CubeIDE_1.16.0/STM32CubeIDE/plugins/com.st.stm32cube.ide.mcu.externaltools.gnu-tools-for-stm32.12.3.rel1.win32_1.0.200.202406191623/tools/bin/../lib/gcc/arm-none-eabi/12.3.1/../../../../arm-none-eabi/lib/thumb/v7e-m+fp/hard\libc_nano.a(libc_a-msizer.o)
 .ARM.attributes
                0x00000b8b       0x22 C:/ST/STM32CubeIDE_1.16.0/STM32CubeIDE/plugins/com.st.stm32cube.ide.mcu.externaltools.gnu-tools-for-stm32.12.3.rel1.win32_1.0.200.202406191623/tools/bin/../lib/gcc/arm-none-eabi/12.3.1/thumb/v7e-m+fp/hard/crtn.o
OUTPUT(STM32G491RE_LCD.elf elf32-littlearm)
LOAD linker stubs
LOAD C:/ST/STM32CubeIDE_1.16.0/STM32CubeIDE/plugins/com.st.stm32cube.ide.mcu.externaltools.gnu-tools-for-stm32.12.3.rel1.win32_1.0.200.202406191623/tools/bin/../lib/gcc/arm-none-eabi/12.3.1/../../../../arm-none-eabi/lib/thumb/v7e-m+fp/hard\libc.a
LOAD C:/ST/STM32CubeIDE_1.16.0/STM32CubeIDE/plugins/com.st.stm32cube.ide.mcu.externaltools.gnu-tools-for-stm32.12.3.rel1.win32_1.0.200.202406191623/tools/bin/../lib/gcc/arm-none-eabi/12.3.1/../../../../arm-none-eabi/lib/thumb/v7e-m+fp/hard\libm.a
LOAD C:/ST/STM32CubeIDE_1.16.0/STM32CubeIDE/plugins/com.st.stm32cube.ide.mcu.externaltools.gnu-tools-for-stm32.12.3.rel1.win32_1.0.200.202406191623/tools/bin/../lib/gcc/arm-none-eabi/12.3.1/thumb/v7e-m+fp/hard\libgcc.a

.debug_info     0x00000000     0xeecf
 .debug_info    0x00000000      0x497 ./Core/Src/gpio.o
 .debug_info    0x00000497      0x746 ./Core/Src/main.o
 .debug_info    0x00000bdd      0xaec ./Core/Src/spi.o
 .debug_info    0x000016c9      0x2da ./Core/Src/stm32g4xx_hal_msp.o
 .debug_info    0x000019a3      0x15c ./Core/Src/stm32g4xx_it.o
 .debug_info    0x00001aff      0x6a3 ./Core/Src/syscalls.o
 .debug_info    0x000021a2      0x168 ./Core/Src/sysmem.o
 .debug_info    0x0000230a      0x58e ./Core/Src/system_stm32g4xx.o
 .debug_info    0x00002898      0xd8e ./Core/Src/tim.o
 .debug_info    0x00003626       0x30 ./Core/Startup/startup_stm32g491retx.o
 .debug_info    0x00003656      0xb29 ./Drivers/STM32G4xx_HAL_Driver/Src/stm32g4xx_hal.o
 .debug_info    0x0000417f      0xd8d ./Drivers/STM32G4xx_HAL_Driver/Src/stm32g4xx_hal_cortex.o
 .debug_info    0x00004f0c      0x763 ./Drivers/STM32G4xx_HAL_Driver/Src/stm32g4xx_hal_gpio.o
 .debug_info    0x0000566f      0x93f ./Drivers/STM32G4xx_HAL_Driver/Src/stm32g4xx_hal_pwr_ex.o
 .debug_info    0x00005fae      0xb82 ./Drivers/STM32G4xx_HAL_Driver/Src/stm32g4xx_hal_rcc.o
 .debug_info    0x00006b30     0x1748 ./Drivers/STM32G4xx_HAL_Driver/Src/stm32g4xx_hal_spi.o
 .debug_info    0x00008278     0x2c52 ./Drivers/STM32G4xx_HAL_Driver/Src/stm32g4xx_hal_tim.o
 .debug_info    0x0000aeca     0x1d95 ./Drivers/STM32G4xx_HAL_Driver/Src/stm32g4xx_hal_tim_ex.o
 .debug_info    0x0000cc5f      0xd1e ./libs/DEV_Config.o
 .debug_info    0x0000d97d      0xe5f ./libs/GUI_Paint.o
 .debug_info    0x0000e7dc      0x5c7 ./libs/LCD_2inch4.o
 .debug_info    0x0000eda3      0x12c ./libs/font24.o

.debug_abbrev   0x00000000     0x2853
 .debug_abbrev  0x00000000      0x152 ./Core/Src/gpio.o
 .debug_abbrev  0x00000152      0x240 ./Core/Src/main.o
 .debug_abbrev  0x00000392      0x1ef ./Core/Src/spi.o
 .debug_abbrev  0x00000581       0xd9 ./Core/Src/stm32g4xx_hal_msp.o
 .debug_abbrev  0x0000065a       0xa0 ./Core/Src/stm32g4xx_it.o
 .debug_abbrev  0x000006fa      0x1b6 ./Core/Src/syscalls.o
 .debug_abbrev  0x000008b0       0xbc ./Core/Src/sysmem.o
 .debug_abbrev  0x0000096c      0x11a ./Core/Src/system_stm32g4xx.o
 .debug_abbrev  0x00000a86      0x248 ./Core/Src/tim.o
 .debug_abbrev  0x00000cce       0x24 ./Core/Startup/startup_stm32g491retx.o
 .debug_abbrev  0x00000cf2      0x271 ./Drivers/STM32G4xx_HAL_Driver/Src/stm32g4xx_hal.o
 .debug_abbrev  0x00000f63      0x31c ./Drivers/STM32G4xx_HAL_Driver/Src/stm32g4xx_hal_cortex.o
 .debug_abbrev  0x0000127f      0x1cb ./Drivers/STM32G4xx_HAL_Driver/Src/stm32g4xx_hal_gpio.o
 .debug_abbrev  0x0000144a      0x22c ./Drivers/STM32G4xx_HAL_Driver/Src/stm32g4xx_hal_pwr_ex.o
 .debug_abbrev  0x00001676      0x2c9 ./Drivers/STM32G4xx_HAL_Driver/Src/stm32g4xx_hal_rcc.o
 .debug_abbrev  0x0000193f      0x267 ./Drivers/STM32G4xx_HAL_Driver/Src/stm32g4xx_hal_spi.o
 .debug_abbrev  0x00001ba6      0x2a7 ./Drivers/STM32G4xx_HAL_Driver/Src/stm32g4xx_hal_tim.o
 .debug_abbrev  0x00001e4d      0x2c5 ./Drivers/STM32G4xx_HAL_Driver/Src/stm32g4xx_hal_tim_ex.o
 .debug_abbrev  0x00002112      0x232 ./libs/DEV_Config.o
 .debug_abbrev  0x00002344      0x22c ./libs/GUI_Paint.o
 .debug_abbrev  0x00002570      0x232 ./libs/LCD_2inch4.o
 .debug_abbrev  0x000027a2       0xb1 ./libs/font24.o

.debug_aranges  0x00000000     0x1090
 .debug_aranges
                0x00000000       0x20 ./Core/Src/gpio.o
 .debug_aranges
                0x00000020       0x40 ./Core/Src/main.o
 .debug_aranges
                0x00000060       0x30 ./Core/Src/spi.o
 .debug_aranges
                0x00000090       0x20 ./Core/Src/stm32g4xx_hal_msp.o
 .debug_aranges
                0x000000b0       0x70 ./Core/Src/stm32g4xx_it.o
 .debug_aranges
                0x00000120       0xa8 ./Core/Src/syscalls.o
 .debug_aranges
                0x000001c8       0x20 ./Core/Src/sysmem.o
 .debug_aranges
                0x000001e8       0x28 ./Core/Src/system_stm32g4xx.o
 .debug_aranges
                0x00000210       0x38 ./Core/Src/tim.o
 .debug_aranges
                0x00000248       0x28 ./Core/Startup/startup_stm32g491retx.o
 .debug_aranges
                0x00000270      0x148 ./Drivers/STM32G4xx_HAL_Driver/Src/stm32g4xx_hal.o
 .debug_aranges
                0x000003b8      0x128 ./Drivers/STM32G4xx_HAL_Driver/Src/stm32g4xx_hal_cortex.o
 .debug_aranges
                0x000004e0       0x58 ./Drivers/STM32G4xx_HAL_Driver/Src/stm32g4xx_hal_gpio.o
 .debug_aranges
                0x00000538      0x140 ./Drivers/STM32G4xx_HAL_Driver/Src/stm32g4xx_hal_pwr_ex.o
 .debug_aranges
                0x00000678       0x98 ./Drivers/STM32G4xx_HAL_Driver/Src/stm32g4xx_hal_rcc.o
 .debug_aranges
                0x00000710      0x1d8 ./Drivers/STM32G4xx_HAL_Driver/Src/stm32g4xx_hal_spi.o
 .debug_aranges
                0x000008e8      0x3e0 ./Drivers/STM32G4xx_HAL_Driver/Src/stm32g4xx_hal_tim.o
 .debug_aranges
                0x00000cc8      0x240 ./Drivers/STM32G4xx_HAL_Driver/Src/stm32g4xx_hal_tim_ex.o
 .debug_aranges
                0x00000f08       0x48 ./libs/DEV_Config.o
 .debug_aranges
                0x00000f50       0xb0 ./libs/GUI_Paint.o
 .debug_aranges
                0x00001000       0x78 ./libs/LCD_2inch4.o
 .debug_aranges
                0x00001078       0x18 ./libs/font24.o

.debug_rnglists
                0x00000000      0xc97
 .debug_rnglists
                0x00000000       0x14 ./Core/Src/gpio.o
 .debug_rnglists
                0x00000014       0x2c ./Core/Src/main.o
 .debug_rnglists
                0x00000040       0x20 ./Core/Src/spi.o
 .debug_rnglists
                0x00000060       0x13 ./Core/Src/stm32g4xx_hal_msp.o
 .debug_rnglists
                0x00000073       0x4f ./Core/Src/stm32g4xx_it.o
 .debug_rnglists
                0x000000c2       0x79 ./Core/Src/syscalls.o
 .debug_rnglists
                0x0000013b       0x13 ./Core/Src/sysmem.o
 .debug_rnglists
                0x0000014e       0x1a ./Core/Src/system_stm32g4xx.o
 .debug_rnglists
                0x00000168       0x26 ./Core/Src/tim.o
 .debug_rnglists
                0x0000018e       0x19 ./Core/Startup/startup_stm32g491retx.o
 .debug_rnglists
                0x000001a7       0xf1 ./Drivers/STM32G4xx_HAL_Driver/Src/stm32g4xx_hal.o
 .debug_rnglists
                0x00000298       0xda ./Drivers/STM32G4xx_HAL_Driver/Src/stm32g4xx_hal_cortex.o
 .debug_rnglists
                0x00000372       0x3f ./Drivers/STM32G4xx_HAL_Driver/Src/stm32g4xx_hal_gpio.o
 .debug_rnglists
                0x000003b1       0xf1 ./Drivers/STM32G4xx_HAL_Driver/Src/stm32g4xx_hal_pwr_ex.o
 .debug_rnglists
                0x000004a2       0x74 ./Drivers/STM32G4xx_HAL_Driver/Src/stm32g4xx_hal_rcc.o
 .debug_rnglists
                0x00000516      0x178 ./Drivers/STM32G4xx_HAL_Driver/Src/stm32g4xx_hal_spi.o
 .debug_rnglists
                0x0000068e      0x328 ./Drivers/STM32G4xx_HAL_Driver/Src/stm32g4xx_hal_tim.o
 .debug_rnglists
                0x000009b6      0x1cc ./Drivers/STM32G4xx_HAL_Driver/Src/stm32g4xx_hal_tim_ex.o
 .debug_rnglists
                0x00000b82       0x31 ./libs/DEV_Config.o
 .debug_rnglists
                0x00000bb3       0x8c ./libs/GUI_Paint.o
 .debug_rnglists
                0x00000c3f       0x58 ./libs/LCD_2inch4.o

.debug_macro    0x00000000    0x20a5d
 .debug_macro   0x00000000      0x1e8 ./Core/Src/gpio.o
 .debug_macro   0x000001e8      0xab4 ./Core/Src/gpio.o
 .debug_macro   0x00000c9c      0x15b ./Core/Src/gpio.o
 .debug_macro   0x00000df7       0x2e ./Core/Src/gpio.o
 .debug_macro   0x00000e25       0x28 ./Core/Src/gpio.o
 .debug_macro   0x00000e4d       0x22 ./Core/Src/gpio.o
 .debug_macro   0x00000e6f       0x8e ./Core/Src/gpio.o
 .debug_macro   0x00000efd       0x51 ./Core/Src/gpio.o
 .debug_macro   0x00000f4e      0x103 ./Core/Src/gpio.o
 .debug_macro   0x00001051       0x6a ./Core/Src/gpio.o
 .debug_macro   0x000010bb      0x1df ./Core/Src/gpio.o
 .debug_macro   0x0000129a       0x1c ./Core/Src/gpio.o
 .debug_macro   0x000012b6       0x22 ./Core/Src/gpio.o
 .debug_macro   0x000012d8       0xfb ./Core/Src/gpio.o
 .debug_macro   0x000013d3     0x1011 ./Core/Src/gpio.o
 .debug_macro   0x000023e4      0x11f ./Core/Src/gpio.o
 .debug_macro   0x00002503    0x11e40 ./Core/Src/gpio.o
 .debug_macro   0x00014343       0x6d ./Core/Src/gpio.o
 .debug_macro   0x000143b0     0x3551 ./Core/Src/gpio.o
 .debug_macro   0x00017901      0x189 ./Core/Src/gpio.o
 .debug_macro   0x00017a8a       0x5c ./Core/Src/gpio.o
 .debug_macro   0x00017ae6     0x1535 ./Core/Src/gpio.o
 .debug_macro   0x0001901b      0x5cf ./Core/Src/gpio.o
 .debug_macro   0x000195ea      0x1b6 ./Core/Src/gpio.o
 .debug_macro   0x000197a0      0x2d0 ./Core/Src/gpio.o
 .debug_macro   0x00019a70      0x4a2 ./Core/Src/gpio.o
 .debug_macro   0x00019f12      0x18b ./Core/Src/gpio.o
 .debug_macro   0x0001a09d       0x43 ./Core/Src/gpio.o
 .debug_macro   0x0001a0e0      0x23d ./Core/Src/gpio.o
 .debug_macro   0x0001a31d      0x211 ./Core/Src/gpio.o
 .debug_macro   0x0001a52e      0x416 ./Core/Src/gpio.o
 .debug_macro   0x0001a944      0x10e ./Core/Src/gpio.o
 .debug_macro   0x0001aa52      0x122 ./Core/Src/gpio.o
 .debug_macro   0x0001ab74      0x3d1 ./Core/Src/gpio.o
 .debug_macro   0x0001af45      0x2fe ./Core/Src/gpio.o
 .debug_macro   0x0001b243      0xbe8 ./Core/Src/gpio.o
 .debug_macro   0x0001be2b      0x4ee ./Core/Src/gpio.o
 .debug_macro   0x0001c319      0x321 ./Core/Src/gpio.o
 .debug_macro   0x0001c63a       0x9a ./Core/Src/gpio.o
 .debug_macro   0x0001c6d4      0x38f ./Core/Src/main.o
 .debug_macro   0x0001ca63       0x61 ./Core/Src/main.o
 .debug_macro   0x0001cac4       0x2a ./Core/Src/main.o
 .debug_macro   0x0001caee       0x43 ./Core/Src/main.o
 .debug_macro   0x0001cb31       0x34 ./Core/Src/main.o
 .debug_macro   0x0001cb65       0x16 ./Core/Src/main.o
 .debug_macro   0x0001cb7b       0x43 ./Core/Src/main.o
 .debug_macro   0x0001cbbe       0x34 ./Core/Src/main.o
 .debug_macro   0x0001cbf2       0x10 ./Core/Src/main.o
 .debug_macro   0x0001cc02       0x58 ./Core/Src/main.o
 .debug_macro   0x0001cc5a       0x8e ./Core/Src/main.o
 .debug_macro   0x0001cce8       0x1c ./Core/Src/main.o
 .debug_macro   0x0001cd04      0x177 ./Core/Src/main.o
 .debug_macro   0x0001ce7b      0x369 ./Core/Src/main.o
 .debug_macro   0x0001d1e4       0x10 ./Core/Src/main.o
 .debug_macro   0x0001d1f4       0x35 ./Core/Src/main.o
 .debug_macro   0x0001d229       0x20 ./Core/Src/main.o
 .debug_macro   0x0001d249       0x1c ./Core/Src/main.o
 .debug_macro   0x0001d265       0x10 ./Core/Src/main.o
 .debug_macro   0x0001d275       0x1c ./Core/Src/main.o
 .debug_macro   0x0001d291       0x16 ./Core/Src/main.o
 .debug_macro   0x0001d2a7      0x146 ./Core/Src/main.o
 .debug_macro   0x0001d3ed       0x16 ./Core/Src/main.o
 .debug_macro   0x0001d403       0x4c ./Core/Src/main.o
 .debug_macro   0x0001d44f       0x1c ./Core/Src/main.o
 .debug_macro   0x0001d46b       0xe5 ./Core/Src/main.o
 .debug_macro   0x0001d550       0x16 ./Core/Src/main.o
 .debug_macro   0x0001d566       0x16 ./Core/Src/main.o
 .debug_macro   0x0001d57c       0x29 ./Core/Src/main.o
 .debug_macro   0x0001d5a5       0x3a ./Core/Src/main.o
 .debug_macro   0x0001d5df      0x1e8 ./Core/Src/spi.o
 .debug_macro   0x0001d7c7      0x1de ./Core/Src/stm32g4xx_hal_msp.o
 .debug_macro   0x0001d9a5      0x1e8 ./Core/Src/stm32g4xx_it.o
 .debug_macro   0x0001db8d      0x274 ./Core/Src/syscalls.o
 .debug_macro   0x0001de01       0x5b ./Core/Src/syscalls.o
 .debug_macro   0x0001de5c       0x94 ./Core/Src/syscalls.o
 .debug_macro   0x0001def0       0x57 ./Core/Src/syscalls.o
 .debug_macro   0x0001df47       0x10 ./Core/Src/syscalls.o
 .debug_macro   0x0001df57       0x10 ./Core/Src/syscalls.o
 .debug_macro   0x0001df67       0x10 ./Core/Src/syscalls.o
 .debug_macro   0x0001df77       0x10 ./Core/Src/syscalls.o
 .debug_macro   0x0001df87       0x1c ./Core/Src/syscalls.o
 .debug_macro   0x0001dfa3       0x52 ./Core/Src/syscalls.o
 .debug_macro   0x0001dff5       0x22 ./Core/Src/syscalls.o
 .debug_macro   0x0001e017       0x10 ./Core/Src/syscalls.o
 .debug_macro   0x0001e027       0x52 ./Core/Src/syscalls.o
 .debug_macro   0x0001e079       0xcf ./Core/Src/syscalls.o
 .debug_macro   0x0001e148       0x1c ./Core/Src/syscalls.o
 .debug_macro   0x0001e164       0x3d ./Core/Src/syscalls.o
 .debug_macro   0x0001e1a1       0x35 ./Core/Src/syscalls.o
 .debug_macro   0x0001e1d6      0x12c ./Core/Src/syscalls.o
 .debug_macro   0x0001e302       0x10 ./Core/Src/syscalls.o
 .debug_macro   0x0001e312      0x242 ./Core/Src/syscalls.o
 .debug_macro   0x0001e554       0x10 ./Core/Src/syscalls.o
 .debug_macro   0x0001e564      0x18a ./Core/Src/syscalls.o
 .debug_macro   0x0001e6ee       0x16 ./Core/Src/syscalls.o
 .debug_macro   0x0001e704       0xce ./Core/Src/syscalls.o
 .debug_macro   0x0001e7d2       0xff ./Core/Src/sysmem.o
 .debug_macro   0x0001e8d1      0x23c ./Core/Src/sysmem.o
 .debug_macro   0x0001eb0d      0x1cf ./Core/Src/system_stm32g4xx.o
 .debug_macro   0x0001ecdc      0x1e8 ./Core/Src/tim.o
 .debug_macro   0x0001eec4      0x21d ./Drivers/STM32G4xx_HAL_Driver/Src/stm32g4xx_hal.o
 .debug_macro   0x0001f0e1      0x1cf ./Drivers/STM32G4xx_HAL_Driver/Src/stm32g4xx_hal_cortex.o
 .debug_macro   0x0001f2b0      0x1d6 ./Drivers/STM32G4xx_HAL_Driver/Src/stm32g4xx_hal_gpio.o
 .debug_macro   0x0001f486      0x1f9 ./Drivers/STM32G4xx_HAL_Driver/Src/stm32g4xx_hal_pwr_ex.o
 .debug_macro   0x0001f67f      0x211 ./Drivers/STM32G4xx_HAL_Driver/Src/stm32g4xx_hal_rcc.o
 .debug_macro   0x0001f890      0x1d7 ./Drivers/STM32G4xx_HAL_Driver/Src/stm32g4xx_hal_spi.o
 .debug_macro   0x0001fa67      0x1d7 ./Drivers/STM32G4xx_HAL_Driver/Src/stm32g4xx_hal_tim.o
 .debug_macro   0x0001fc3e      0x1d5 ./Drivers/STM32G4xx_HAL_Driver/Src/stm32g4xx_hal_tim_ex.o
 .debug_macro   0x0001fe13      0x2c8 ./libs/DEV_Config.o
 .debug_macro   0x000200db       0x16 ./libs/DEV_Config.o
 .debug_macro   0x000200f1       0x16 ./libs/DEV_Config.o
 .debug_macro   0x00020107       0xa0 ./libs/DEV_Config.o
 .debug_macro   0x000201a7      0x35e ./libs/GUI_Paint.o
 .debug_macro   0x00020505       0x16 ./libs/GUI_Paint.o
 .debug_macro   0x0002051b      0x19b ./libs/GUI_Paint.o
 .debug_macro   0x000206b6      0x307 ./libs/LCD_2inch4.o
 .debug_macro   0x000209bd       0x34 ./libs/LCD_2inch4.o
 .debug_macro   0x000209f1       0x6c ./libs/font24.o

.debug_line     0x00000000    0x13629
 .debug_line    0x00000000      0x79f ./Core/Src/gpio.o
 .debug_line    0x0000079f      0xa79 ./Core/Src/main.o
 .debug_line    0x00001218      0x7e0 ./Core/Src/spi.o
 .debug_line    0x000019f8      0x769 ./Core/Src/stm32g4xx_hal_msp.o
 .debug_line    0x00002161      0x855 ./Core/Src/stm32g4xx_it.o
 .debug_line    0x000029b6      0x8b2 ./Core/Src/syscalls.o
 .debug_line    0x00003268      0x583 ./Core/Src/sysmem.o
 .debug_line    0x000037eb      0x7d4 ./Core/Src/system_stm32g4xx.o
 .debug_line    0x00003fbf      0x80b ./Core/Src/tim.o
 .debug_line    0x000047ca       0x7b ./Core/Startup/startup_stm32g491retx.o
 .debug_line    0x00004845      0xb90 ./Drivers/STM32G4xx_HAL_Driver/Src/stm32g4xx_hal.o
 .debug_line    0x000053d5      0xd23 ./Drivers/STM32G4xx_HAL_Driver/Src/stm32g4xx_hal_cortex.o
 .debug_line    0x000060f8      0xba9 ./Drivers/STM32G4xx_HAL_Driver/Src/stm32g4xx_hal_gpio.o
 .debug_line    0x00006ca1      0xcff ./Drivers/STM32G4xx_HAL_Driver/Src/stm32g4xx_hal_pwr_ex.o
 .debug_line    0x000079a0      0xf5b ./Drivers/STM32G4xx_HAL_Driver/Src/stm32g4xx_hal_rcc.o
 .debug_line    0x000088fb     0x2010 ./Drivers/STM32G4xx_HAL_Driver/Src/stm32g4xx_hal_spi.o
 .debug_line    0x0000a90b     0x4006 ./Drivers/STM32G4xx_HAL_Driver/Src/stm32g4xx_hal_tim.o
 .debug_line    0x0000e911     0x2121 ./Drivers/STM32G4xx_HAL_Driver/Src/stm32g4xx_hal_tim_ex.o
 .debug_line    0x00010a32      0x94d ./libs/DEV_Config.o
 .debug_line    0x0001137f     0x1351 ./libs/GUI_Paint.o
 .debug_line    0x000126d0      0xb56 ./libs/LCD_2inch4.o
 .debug_line    0x00013226      0x403 ./libs/font24.o

.debug_str      0x00000000    0xcbf6a
 .debug_str     0x00000000    0xc0def ./Core/Src/gpio.o
                              0xc10ad (size before relaxing)
 .debug_str     0x000c0def     0x4652 ./Core/Src/main.o
                              0xc5527 (size before relaxing)
 .debug_str     0x000c5441      0x4d8 ./Core/Src/spi.o
                              0xc15d0 (size before relaxing)
 .debug_str     0x000c5919       0x4d ./Core/Src/stm32g4xx_hal_msp.o
                              0xc0ff1 (size before relaxing)
 .debug_str     0x000c5966      0x106 ./Core/Src/stm32g4xx_it.o
                              0xc0f51 (size before relaxing)
 .debug_str     0x000c5a6c     0x1fd1 ./Core/Src/syscalls.o
                               0x98bc (size before relaxing)
 .debug_str     0x000c7a3d       0x6b ./Core/Src/sysmem.o
                               0x60d4 (size before relaxing)
 .debug_str     0x000c7aa8       0xdb ./Core/Src/system_stm32g4xx.o
                              0xc0e31 (size before relaxing)
 .debug_str     0x000c7b83      0x429 ./Core/Src/tim.o
                              0xc1825 (size before relaxing)
 .debug_str     0x000c7fac       0x44 ./Core/Startup/startup_stm32g491retx.o
                                 0x87 (size before relaxing)
 .debug_str     0x000c7ff0      0x5de ./Drivers/STM32G4xx_HAL_Driver/Src/stm32g4xx_hal.o
                              0xc1a3c (size before relaxing)
 .debug_str     0x000c85ce      0x369 ./Drivers/STM32G4xx_HAL_Driver/Src/stm32g4xx_hal_cortex.o
                              0xc16f8 (size before relaxing)
 .debug_str     0x000c8937      0x10f ./Drivers/STM32G4xx_HAL_Driver/Src/stm32g4xx_hal_gpio.o
                              0xc0fbc (size before relaxing)
 .debug_str     0x000c8a46      0x4a5 ./Drivers/STM32G4xx_HAL_Driver/Src/stm32g4xx_hal_pwr_ex.o
                              0xc131f (size before relaxing)
 .debug_str     0x000c8eeb      0x4e0 ./Drivers/STM32G4xx_HAL_Driver/Src/stm32g4xx_hal_rcc.o
                              0xc152a (size before relaxing)
 .debug_str     0x000c93cb      0x5bd ./Drivers/STM32G4xx_HAL_Driver/Src/stm32g4xx_hal_spi.o
                              0xc1769 (size before relaxing)
 .debug_str     0x000c9988      0xf1e ./Drivers/STM32G4xx_HAL_Driver/Src/stm32g4xx_hal_tim.o
                              0xc232f (size before relaxing)
 .debug_str     0x000ca8a6      0x910 ./Drivers/STM32G4xx_HAL_Driver/Src/stm32g4xx_hal_tim_ex.o
                              0xc1fa3 (size before relaxing)
 .debug_str     0x000cb1b6       0x60 ./libs/DEV_Config.o
                              0xc5113 (size before relaxing)
 .debug_str     0x000cb216      0xc5e ./libs/GUI_Paint.o
                              0xc58c1 (size before relaxing)
 .debug_str     0x000cbe74       0xd8 ./libs/LCD_2inch4.o
                              0xc4b6a (size before relaxing)
 .debug_str     0x000cbf4c       0x1e ./libs/font24.o
                               0x3dac (size before relaxing)

.comment        0x00000000       0x43
 .comment       0x00000000       0x43 ./Core/Src/gpio.o
                                 0x44 (size before relaxing)
 .comment       0x00000043       0x44 ./Core/Src/main.o
 .comment       0x00000043       0x44 ./Core/Src/spi.o
 .comment       0x00000043       0x44 ./Core/Src/stm32g4xx_hal_msp.o
 .comment       0x00000043       0x44 ./Core/Src/stm32g4xx_it.o
 .comment       0x00000043       0x44 ./Core/Src/syscalls.o
 .comment       0x00000043       0x44 ./Core/Src/sysmem.o
 .comment       0x00000043       0x44 ./Core/Src/system_stm32g4xx.o
 .comment       0x00000043       0x44 ./Core/Src/tim.o
 .comment       0x00000043       0x44 ./Drivers/STM32G4xx_HAL_Driver/Src/stm32g4xx_hal.o
 .comment       0x00000043       0x44 ./Drivers/STM32G4xx_HAL_Driver/Src/stm32g4xx_hal_cortex.o
 .comment       0x00000043       0x44 ./Drivers/STM32G4xx_HAL_Driver/Src/stm32g4xx_hal_gpio.o
 .comment       0x00000043       0x44 ./Drivers/STM32G4xx_HAL_Driver/Src/stm32g4xx_hal_pwr_ex.o
 .comment       0x00000043       0x44 ./Drivers/STM32G4xx_HAL_Driver/Src/stm32g4xx_hal_rcc.o
 .comment       0x00000043       0x44 ./Drivers/STM32G4xx_HAL_Driver/Src/stm32g4xx_hal_spi.o
 .comment       0x00000043       0x44 ./Drivers/STM32G4xx_HAL_Driver/Src/stm32g4xx_hal_tim.o
 .comment       0x00000043       0x44 ./Drivers/STM32G4xx_HAL_Driver/Src/stm32g4xx_hal_tim_ex.o
 .comment       0x00000043       0x44 ./libs/DEV_Config.o
 .comment       0x00000043       0x44 ./libs/GUI_Paint.o
 .comment       0x00000043       0x44 ./libs/LCD_2inch4.o
 .comment       0x00000043       0x44 ./libs/font24.o

.debug_frame    0x00000000     0x4d38
 .debug_frame   0x00000000       0x34 ./Core/Src/gpio.o
 .debug_frame   0x00000034       0xa4 ./Core/Src/main.o
 .debug_frame   0x000000d8       0x74 ./Core/Src/spi.o
 .debug_frame   0x0000014c       0x34 ./Core/Src/stm32g4xx_hal_msp.o
 .debug_frame   0x00000180      0x140 ./Core/Src/stm32g4xx_it.o
 .debug_frame   0x000002c0      0x2ac ./Core/Src/syscalls.o
 .debug_frame   0x0000056c       0x34 ./Core/Src/sysmem.o
 .debug_frame   0x000005a0       0x58 ./Core/Src/system_stm32g4xx.o
 .debug_frame   0x000005f8       0xa8 ./Core/Src/tim.o
 .debug_frame   0x000006a0      0x500 ./Drivers/STM32G4xx_HAL_Driver/Src/stm32g4xx_hal.o
 .debug_frame   0x00000ba0      0x4e8 ./Drivers/STM32G4xx_HAL_Driver/Src/stm32g4xx_hal_cortex.o
 .debug_frame   0x00001088      0x14c ./Drivers/STM32G4xx_HAL_Driver/Src/stm32g4xx_hal_gpio.o
 .debug_frame   0x000011d4      0x4fc ./Drivers/STM32G4xx_HAL_Driver/Src/stm32g4xx_hal_pwr_ex.o
 .debug_frame   0x000016d0      0x23c ./Drivers/STM32G4xx_HAL_Driver/Src/stm32g4xx_hal_rcc.o
 .debug_frame   0x0000190c      0x860 ./Drivers/STM32G4xx_HAL_Driver/Src/stm32g4xx_hal_spi.o